== six_unit_sequence case 4652
 units=(:u1, :u2, :u3, :u4, :u5, :u6) motors=(:u5, :u6) thresholds=(2, 2, 1, 1, 1, 1) initial=(true, true, false, false, true, false)
 edges=[(:u1, :u2, -1), (:u1, :u3, 1), (:u1, :u5, 1), (:u2, :u3, -1), (:u2, :u4, -1), (:u3, :u2, 1), (:u3, :u5, -1), (:u3, :u6, 1), (:u4, :u3, -1), (:u4, :u6, 1), (:u5, :u1, 1), (:u5, :u2, -1), (:u5, :u3, 1), (:u5, :u6, 1), (:u6, :u1, 1), (:u6, :u2, 1), (:u6, :u5, 1)]
 κ=[:u3, :u6] baseline=[:u3, :u6]
 anchor=(true, false, true, false, false, true) trace0=[[1, 0, 1, 0, 0, 1], [0, 0, 1, 0, 1, 1], [1, 0, 1, 0, 0, 1], [0, 0, 1, 0, 1, 1], [1, 0, 1, 0, 0, 1], [0, 0, 1, 0, 1, 1], [1, 0, 1, 0, 0, 1]]
  silence u1: loss=[:u3, :u6]
  silence u2: loss=Symbol[]
  silence u3: loss=[:u3, :u6]
  silence u4: loss=Symbol[]
  silence u5: loss=[:u3, :u6]
  silence u6: loss=[:u3, :u6]
 N3=true pairs=[[:u3, :u6]] weak=Vector{Symbol}[] strict=Vector{Symbol}[]
== six_unit_sequence case 39
 units=(:u1, :u2, :u3, :u4, :u5, :u6) motors=(:u5, :u6) thresholds=(1, 2, 2, 1, 2, 2) initial=(true, true, true, true, true, true)
 edges=[(:u1, :u2, -1), (:u1, :u5, 1), (:u1, :u6, -1), (:u2, :u3, -1), (:u2, :u4, -1), (:u2, :u6, 1), (:u3, :u2, -1), (:u3, :u4, 1), (:u3, :u5, 1), (:u3, :u6, 1), (:u4, :u2, -1), (:u4, :u3, -1), (:u4, :u5, 1), (:u4, :u6, -1), (:u5, :u1, 1), (:u5, :u2, -1), (:u5, :u3, -1), (:u5, :u4, 1), (:u5, :u6, -1), (:u6, :u1, 1), (:u6, :u2, 1), (:u6, :u5, -1)]
 κ=[:u1, :u4, :u5] baseline=[:u1, :u4, :u5]
 anchor=(true, false, false, true, true, false) trace0=[[1, 0, 0, 1, 1, 0], [1, 0, 0, 1, 1, 0], [1, 0, 0, 1, 1, 0], [1, 0, 0, 1, 1, 0], [1, 0, 0, 1, 1, 0], [1, 0, 0, 1, 1, 0], [1, 0, 0, 1, 1, 0]]
  silence u1: loss=[:u1, :u4, :u5]
  silence u2: loss=Symbol[]
  silence u3: loss=Symbol[]
  silence u4: loss=[:u1, :u4, :u5]
  silence u5: loss=[:u1, :u4, :u5]
  silence u6: loss=Symbol[]
 N3=true pairs=[[:u1, :u4], [:u1, :u5], [:u4, :u5]] weak=[[:u1, :u5], [:u4, :u5]] strict=[[:u1, :u5], [:u4, :u5]]
== four_unit_exhaustive case 5490
 units=(:u1, :u2, :u3, :u4) motors=(:u3, :u4) thresholds=(1, 1, 1, 1) initial=(false, true, false, false)
 edges=[(:u1, :u2, 1), (:u1, :u3, 1), (:u1, :u4, 1), (:u2, :u4, 1), (:u3, :u2, 1), (:u4, :u1, 1)]
 κ=[:u2, :u4] baseline=[:u1, :u2, :u3, :u4]
 anchor=(true, true, true, true) trace0=[[1, 1, 1, 1], [1, 1, 1, 1], [1, 1, 1, 1], [1, 1, 1, 1], [1, 1, 1, 1], [1, 1, 1, 1], [1, 1, 1, 1]]
  silence u1: loss=[:u1, :u2, :u3, :u4]
  silence u2: loss=Symbol[]
  silence u3: loss=Symbol[]
  silence u4: loss=[:u1, :u2, :u3, :u4]
 N3=false pairs=Vector{Symbol}[] weak=[[:u1, :u3, :u2, :u4], [:u1, :u2, :u4]] strict=[[:u1, :u3, :u2, :u4], [:u1, :u2, :u4]]
