== four_unit_exhaustive case 5434
 units=(:u1, :u2, :u3, :u4) motors=(:u3, :u4) thresholds=(1, 1, 1, 1) initial=(false, true, false, true)
 edges=[(:u1, :u2, 1), (:u1, :u3, 1), (:u2, :u4, 1), (:u3, :u2, 1), (:u4, :u1, 1)]
 κ=[:u2, :u4] baseline=[:u1, :u2, :u3, :u4]
 anchor=(true, true, true, true) trace0=[[1, 1, 1, 1], [1, 1, 1, 1], [1, 1, 1, 1], [1, 1, 1, 1], [1, 1, 1, 1], [1, 1, 1, 1], [1, 1, 1, 1]]
  silence u1: loss=[:u1, :u2, :u3, :u4]
  silence u2: loss=[:u1, :u2, :u3, :u4]
  silence u3: loss=Symbol[]
  silence u4: loss=[:u1, :u2, :u3, :u4]
 N3=true pairs=[[:u2, :u4]] G_mech=false carrying=Vector{Symbol}[]
== six_unit_sequence case 3218
 units=(:u1, :u2, :u3, :u4, :u5, :u6) motors=(:u5, :u6) thresholds=(1, 1, 1, 1, 1, 2) initial=(false, false, true, false, true, true)
 edges=[(:u1, :u3, 1), (:u1, :u4, 1), (:u1, :u6, 1), (:u2, :u3, -1), (:u2, :u4, -1), (:u2, :u5, 1), (:u2, :u6, 1), (:u3, :u5, -1), (:u4, :u2, 1), (:u4, :u3, -1), (:u4, :u5, 1), (:u4, :u6, 1), (:u5, :u1, 1), (:u5, :u2, -1), (:u5, :u3, 1), (:u5, :u4, 1), (:u6, :u1, 1), (:u6, :u2, 1), (:u6, :u3, -1)]
 κ=[:u1, :u5, :u6] baseline=[:u1, :u2, :u4, :u5, :u6]
 anchor=(true, true, false, true, true, true) trace0=[[1, 1, 0, 1, 1, 1], [1, 1, 0, 1, 1, 1], [1, 1, 0, 1, 1, 1], [1, 1, 0, 1, 1, 1], [1, 1, 0, 1, 1, 1], [1, 1, 0, 1, 1, 1], [1, 1, 0, 1, 1, 1]]
  silence u1: loss=[:u1, :u2, :u4, :u5, :u6]
  silence u2: loss=Symbol[]
  silence u3: loss=Symbol[]
  silence u4: loss=[:u1, :u2, :u4, :u5, :u6]
  silence u5: loss=[:u4]
  silence u6: loss=[:u1, :u2, :u4, :u5, :u6]
 N3=true pairs=[[:u1, :u6]] G_mech=false carrying=Vector{Symbol}[]
== six_unit_sequence case 6405
 units=(:u1, :u2, :u3, :u4, :u5, :u6) motors=(:u5, :u6) thresholds=(1, 1, 2, 1, 1, 1) initial=(false, false, false, false, false, true)
 edges=[(:u1, :u2, -1), (:u1, :u3, -1), (:u1, :u4, 1), (:u1, :u6, 1), (:u2, :u3, -1), (:u2, :u5, 1), (:u2, :u6, 1), (:u3, :u2, 1), (:u3, :u4, 1), (:u3, :u5, -1), (:u3, :u6, -1), (:u4, :u6, -1), (:u5, :u2, 1), (:u5, :u6, 1), (:u6, :u1, -1), (:u6, :u2, 1), (:u6, :u4, 1)]
 κ=[:u2, :u6] baseline=[:u2, :u4, :u5, :u6]
 anchor=(false, true, false, true, true, true) trace0=[[0, 1, 0, 1, 1, 1], [0, 1, 0, 1, 1, 1], [0, 1, 0, 1, 1, 1], [0, 1, 0, 1, 1, 1], [0, 1, 0, 1, 1, 1], [0, 1, 0, 1, 1, 1], [0, 1, 0, 1, 1, 1]]
  silence u1: loss=Symbol[]
  silence u2: loss=[:u2, :u4, :u5, :u6]
  silence u3: loss=Symbol[]
  silence u4: loss=Symbol[]
  silence u5: loss=[:u2, :u4, :u5, :u6]
  silence u6: loss=[:u4]
 N3=false pairs=Vector{Symbol}[] G_mech=true carrying=[[:u2, :u6]]
