G3C_PROVENANCE_VERSION=1
G3C_EXECUTION=single Pkg.test() in sibling clone at ephemeral commit
G3C_EPHEMERAL_COMMIT=ea3034149109ad8955954bdf0162141fb3a9edee
G3C_ORIGIN_HEAD=b68242c900e3c37aaac672ed2cfaa956bc6cc115
G3C_ORIGIN_INDEX_TREE=4e27335ccb52745d4d77c0a711aea50ee68ce110
G3C_ORIGIN_WORKTREE_DIRTY=true
G3C_ORIGIN_REPOSITORY=/Users/yamaguchimitsuyuki/bridge-protocol
G3C_CLONE=/Users/yamaguchimitsuyuki/.bridge-protocol-g3c.1iTNtt
G3C_EXCLUDED_FROM_SNAPSHOT=logs/** (evidence files only)
G3C_INCLUDED_CHANGES_BEGIN
M	formal/ERIEC.lean
M	formal/ERIEC/BranchNovelty.lean
M	formal/ERIEC/CertifiedArtifact.lean
A	formal/ERIEC/FieldBridge.lean
M	formal/ERIEC/RefModel/LossAwareBranch.lean
M	specs/cert-scope-registry.toml
M	specs/checker-semantic-manifest.toml
A	specs/drafts/g3c-clone-gate.md
M	specs/ledger.toml
A	specs/packets/VP-BDY-002.md
A	specs/sensory-carrier-contract.md
A	specs/sensory-carrier-profile-v1.toml
M	specs/structure-repair-order.md
M	src/ERIEC.jl
M	src/branch_novelty.jl
A	src/field_bridge.jl
M	test/parallel_test_plan.jl
M	test/test_branch_novelty.jl
M	test/test_cert_scope.jl
M	test/test_checker_semantic_manifest.jl
A	test/test_field_bridge.jl
M	test/test_formal_julia_contract.jl
A	tools/quiet-test-clone.sh
G3C_INCLUDED_CHANGES_END
G3C_TEST_COMMAND=julia --project=. -e 'using Pkg; Pkg.test()'
G3C_TEST_OUTPUT_BEGIN
┌ Warning: The project dependencies or compat requirements have changed since the manifest was last resolved.
│ It is recommended to `Pkg.resolve()` or consider `Pkg.update()` if necessary.
└ @ Pkg.API /usr/local/Cellar/julia/1.11.6/share/julia/stdlib/v1.11/Pkg/src/API.jl:1206
     Testing ERIEC
      Status `/private/var/folders/82/qvmvqs01469ck832bd6f4k280000gn/T/jl_SA8sBv/Project.toml`
  [f6f58f5d] ERIEC v0.1.0 `~/.bridge-protocol-g3c.1iTNtt`
  [f6369f11] ForwardDiff v1.4.1
  [0f8b85d8] JSON3 v1.14.3
  [37e2e46d] LinearAlgebra v1.11.0
  [9a3f8284] Random v1.11.0
  [ea8e919c] SHA v0.7.0
  [fa267f1f] TOML v1.0.3
  [8dfed614] Test v1.11.0
      Status `/private/var/folders/82/qvmvqs01469ck832bd6f4k280000gn/T/jl_SA8sBv/Manifest.toml`
  [bbf7d656] CommonSubexpressions v0.3.1
  [163ba53b] DiffResults v1.1.0
  [b552c78f] DiffRules v1.16.0
  [ffbed154] DocStringExtensions v0.9.5
  [f6f58f5d] ERIEC v0.1.0 `~/.bridge-protocol-g3c.1iTNtt`
  [f6369f11] ForwardDiff v1.4.1
  [92d709cd] IrrationalConstants v0.2.6
  [692b3bcd] JLLWrappers v1.8.0
  [0f8b85d8] JSON3 v1.14.3
  [2ab3a3ac] LogExpFunctions v1.0.1
  [1914dd2f] MacroTools v0.5.16
  [77ba4419] NaNMath v1.1.4
  [69de0a69] Parsers v2.8.6
⌅ [aea7be01] PrecompileTools v1.2.1
  [21216c6a] Preferences v1.5.2
  [276daf66] SpecialFunctions v2.8.0
  [1e83bf80] StaticArraysCore v1.4.4
  [856f2bd8] StructTypes v1.11.0
  [efe28fd5] OpenSpecFun_jll v0.5.6+0
  [56f22d72] Artifacts v1.11.0
  [2a0f44e3] Base64 v1.11.0
  [ade2ca70] Dates v1.11.0
  [b77e0a4c] InteractiveUtils v1.11.0
  [8f399da3] Libdl v1.11.0
  [37e2e46d] LinearAlgebra v1.11.0
  [56ddb016] Logging v1.11.0
  [d6f4376e] Markdown v1.11.0
  [a63ad114] Mmap v1.11.0
  [de0858da] Printf v1.11.0
  [9a3f8284] Random v1.11.0
  [ea8e919c] SHA v0.7.0
  [9e88b42a] Serialization v1.11.0
  [fa267f1f] TOML v1.0.3
  [8dfed614] Test v1.11.0
  [cf7118a7] UUIDs v1.11.0
  [4ec0a83e] Unicode v1.11.0
  [e66e0078] CompilerSupportLibraries_jll v1.1.1+0
  [4536629a] OpenBLAS_jll v0.3.27+1
  [05823500] OpenLibm_jll v0.8.5+0
  [8e850b90] libblastrampoline_jll v5.11.0+0
        Info Packages marked with ⌅ have new versions available but compatibility constraints restrict them from upgrading.
Precompiling project for configuration --code-coverage=none --color=auto --check-bounds=yes --warn-overwrite=yes --depwarn=yes --inline=yes --startup-file=no --track-allocation=none...
   7616.8 ms  ✓ ERIEC
  1 dependency successfully precompiled in 8 seconds. 32 already precompiled.
     Testing Running tests...
ERROR: LoadError: ERIEC test groups failed: 1
Stacktrace:
 [1] run_parallel_test_groups(groups::Vector{Vector{String}}, estimated_loads::Vector{Float64}; phase::String)
   @ Main ~/.bridge-protocol-g3c.1iTNtt/test/parallel_test_runner.jl:48
 [2] run_parallel_test_groups
   @ ~/.bridge-protocol-g3c.1iTNtt/test/parallel_test_runner.jl:20 [inlined]
 [3] run_eriec_tests()
   @ Main ~/.bridge-protocol-g3c.1iTNtt/test/parallel_test_runner.jl:72
 [4] top-level scope
   @ ~/.bridge-protocol-g3c.1iTNtt/test/runtests.jl:3
 [5] include(fname::String)
   @ Main ./sysimg.jl:38
 [6] top-level scope
   @ none:6
in expression starting at /Users/yamaguchimitsuyuki/.bridge-protocol-g3c.1iTNtt/test/runtests.jl:3
Running 55 ERIEC test files in 4 isolated processes, then 4 exclusive file(s)

===== ERIEC parallel test group 1/4 (estimated 84.0s) =====
Test Summary:                | Pass  Total     Time
field coupled system adapter |  151    151  2m33.6s

===== ERIEC parallel test group 2/4 (estimated 72.5s) =====
Test Summary:                                     | Pass  Total     Time
ordered reachability graded dynamics and boundary |   57     57  1m11.6s
Test Summary: | Pass  Total   Time
worlddc       |   56     56  23.6s
Test Summary:            | Pass  Total  Time
category update pipeline |   93     93  7.4s
Test Summary:        | Pass  Total  Time
finite open dynamics |   16     16  3.7s
Test Summary:      | Pass  Total  Time
finite audit layer |    7      7  2.1s
Test Summary:        | Pass  Total  Time
finite lineage layer |    9      9  0.4s
Test Summary:                            | Pass  Total  Time
finite theory translation and guarantees |    4      4  0.2s
Test Summary:  | Pass  Total  Time
system adapter |   13     13  7.2s
Test Summary:                     | Pass  Total   Time
Sigma1 diversity resolution audit |   15     15  12.7s
Test Summary: | Pass  Total  Time
value         |   25     25  2.0s
Test Summary:              | Pass  Total  Time
official TRM Python bridge |    3      3  1.3s
Test Summary:           | Pass  Total  Time
three-layer composition |   26     26  2.1s
Test Summary: | Pass  Total  Time
dc            |   13     13  0.7s
Test Summary:                | Pass  Total  Time
critical certification bound |    3      3  0.0s
Test Summary:       | Pass  Total  Time
observation summary |    8      8  0.1s
Test Summary:    | Pass  Total  Time
critical slowing |   11     11  0.4s
Test Summary:            | Pass  Total  Time
Lean module architecture |   11     11  0.7s
FALSIFICATION-A2-1: PASS
FALSIFICATION-A2-2: PASS
FALSIFICATION-A2-3: PASS
FALSIFICATION-A2-4: PASS
FALSIFICATION-A2-5: PASS
FALSIFICATION-A2-6: PASS
FALSIFICATION-A2-7: PASS
FALSIFICATION-A2-8: PASS
FALSIFICATION-A2-9: PASS
Test Summary:                  | Pass  Total   Time
certified envelope claim scope |   41     41  16.5s
Test Summary: | Pass  Total   Time
Frozen wagers |   42     42  11.9s
Test Summary:             | Pass  Total  Time
loss-aware branch novelty |   28     28  4.5s
Test Summary:                | Pass  Total  Time
umwelt comparison and series |    4      4  5.2s

===== ERIEC parallel test group 3/4 (estimated 72.5s) =====
Test Summary:               | Pass  Total     Time
minimal policy and topology |  201    201  1m17.8s
Test Summary: | Pass  Total  Time
world         |   47     47  7.2s
Test Summary:       | Pass  Total   Time
Lean Julia contract | 1313   1313  22.6s
Test Summary: | Pass  Total  Time
sensitivity   |    6      6  1.8s
FALSIFICATION-BDY-002-DEAD-SUPPORT: PASS
FALSIFICATION-BDY-002-RANDOM-PERSISTENCE: PASS
Test Summary:           | Pass  Total   Time
field to sensory bridge |   19     19  25.6s
FALSIFICATION-BDY-002-SIGMA-FLIP-HCONV-ONLY: PASS
FALSIFICATION-BDY-002-ALPHA-FLIP-HCONV-ONLY: PASS
FALSIFICATION-BDY-002-PROVENANCE-ONLY: PASS
FALSIFICATION-BDY-002-INDEPENDENT-DEPENDENCY: PASS
Test Summary:                                 | Pass  Total   Time
independent alpha and clamp sigma measurement |   18     18  20.4s
Test Summary:            | Pass  Total   Time
experiment visualization |   28     28  10.1s
Test Summary:        | Pass  Total  Time
weighted sensitivity |    6      6  0.6s
Test Summary:                 | Pass  Total  Time
finite relation linearization |   14     14  4.6s
Test Summary:               | Pass  Total  Time
bridge functor obstructions |  143    143  2.1s
Test Summary: | Pass  Total  Time
closure       |   20     20  1.2s
Test Summary:                | Pass  Total  Time
terminal and mutation guards |    4      4  0.1s
Test Summary: | Pass  Total  Time
reachability  |    7      7  0.1s
Test Summary:   | Pass  Total  Time
finite dynamics |   21     21  2.9s
Test Summary:          | Pass  Total  Time
claim ledger integrity |  861    861  0.6s
Test Summary:            | Pass  Total   Time
v1 ledger coverage audit |  378    378  12.5s
Test Summary: | Pass  Total  Time
Richness      |    6      6  1.1s
Test Summary:                     | Pass  Total  Time
TemporalDC finite boundary audits |   16     16  1.0s
Test Summary:     | Pass  Total  Time
copair uniqueness |    2      2  0.0s

===== ERIEC parallel test group 4/4 (estimated 72.5s) =====
Test Summary:               | Pass  Total     Time
Lenia experiment management |  138    138  3m13.6s
Test Summary: | Pass  Total   Time
body          |   33     33  25.0s
Test Summary:           | Pass  Total  Time
observation artifact v1 |   32     32  4.7s
Test Summary:        | Pass  Total  Time
toy recurrent system |   28     28  5.2s
Test Summary:                   | Pass  Total  Time
benchmarks collapse and reports |   40     40  3.8s
Test Summary:             | Pass  Total  Time
Sigma1 individual adapter |   31     31  9.8s
Test Summary: | Pass  Total  Time
checkpoints   |   17     17  2.5s
Test Summary: | Pass  Total  Time
adjunction    |   13     13  0.8s
Test Summary:            | Pass  Total  Time
Sigma selection contract |   23     23  1.4s
Test Summary:                | Pass  Total  Time
viability closure object map |   74     74  4.5s
Test Summary: | Pass  Total  Time
hinge         |   11     11  0.3s
Test Summary: | Pass  Total  Time
consume       |    4      4  0.1s
Test Summary:         | Pass  Total  Time
experiment acceptance |   18     18  0.3s
Test Summary:       | Pass  Total  Time
update bisimulation |    2      2  0.0s
Test Summary:            | Pass  Total  Time
packet review validation |   21     21  1.8s
Test Summary:    | Pass  Total  Time
reference models |   35     35  6.9s
Test Summary:                            | Pass  Total  Time
order-11 closed large-reference decoders |   23     23  9.7s
Test Summary:              | Pass  Total  Time
generation boundary audits |   52     52  7.3s
Test Summary:      | Pass  Total  Time
functional markers |   60     60  0.0s
Test Summary:            | Pass  Total  Time
ranked relation presheaf |    2      2  0.1s
Test Summary:                | Pass  Total  Time
critical rank collapse bound |    2      2  0.1s

===== ERIEC exclusive test group 1/1 (estimated 114.0s) =====
ERROR: LoadError: Some tests did not pass: 92 passed, 1 failed, 0 errored, 0 broken.
in expression starting at /Users/yamaguchimitsuyuki/.bridge-protocol-g3c.1iTNtt/test/test_checker_semantic_manifest.jl:48
in expression starting at /Users/yamaguchimitsuyuki/.bridge-protocol-g3c.1iTNtt/test/parallel_test_worker.jl:6
checker semantic manifest: Test Failed at /Users/yamaguchimitsuyuki/.bridge-protocol-g3c.1iTNtt/test/test_checker_semantic_manifest.jl:102
  Expression: all((row->begin
            #= /Users/yamaguchimitsuyuki/.bridge-protocol-g3c.1iTNtt/test/test_checker_semantic_manifest.jl:102 =#
            isfile(joinpath(project_root, row["basis_log"]))
        end), reviewed)

Stacktrace:
 [1] macro expansion
   @ /usr/local/Cellar/julia/1.11.6/share/julia/stdlib/v1.11/Test/src/Test.jl:680 [inlined]
 [2] macro expansion
   @ ~/.bridge-protocol-g3c.1iTNtt/test/test_checker_semantic_manifest.jl:102 [inlined]
 [3] macro expansion
   @ /usr/local/Cellar/julia/1.11.6/share/julia/stdlib/v1.11/Test/src/Test.jl:1709 [inlined]
 [4] top-level scope
   @ ~/.bridge-protocol-g3c.1iTNtt/test/test_checker_semantic_manifest.jl:49
Test Summary:             | Pass  Fail  Total   Time
checker semantic manifest |   92     1     93  50.6s
ERROR: Package ERIEC errored during testing
Stacktrace:
 [1] pkgerror(msg::String)
   @ Pkg.Types /usr/local/Cellar/julia/1.11.6/share/julia/stdlib/v1.11/Pkg/src/Types.jl:68
 [2] test(ctx::Pkg.Types.Context, pkgs::Vector{Pkg.Types.PackageSpec}; coverage::Bool, julia_args::Cmd, test_args::Cmd, test_fn::Nothing, force_latest_compatible_version::Bool, allow_earlier_backwards_compatible_versions::Bool, allow_reresolve::Bool)
   @ Pkg.Operations /usr/local/Cellar/julia/1.11.6/share/julia/stdlib/v1.11/Pkg/src/Operations.jl:2128
 [3] test
   @ /usr/local/Cellar/julia/1.11.6/share/julia/stdlib/v1.11/Pkg/src/Operations.jl:2011 [inlined]
 [4] test(ctx::Pkg.Types.Context, pkgs::Vector{Pkg.Types.PackageSpec}; coverage::Bool, test_fn::Nothing, julia_args::Cmd, test_args::Cmd, force_latest_compatible_version::Bool, allow_earlier_backwards_compatible_versions::Bool, allow_reresolve::Bool, kwargs::@Kwargs{io::IOContext{IO}})
   @ Pkg.API /usr/local/Cellar/julia/1.11.6/share/julia/stdlib/v1.11/Pkg/src/API.jl:481
 [5] test(pkgs::Vector{Pkg.Types.PackageSpec}; io::IOContext{IO}, kwargs::@Kwargs{})
   @ Pkg.API /usr/local/Cellar/julia/1.11.6/share/julia/stdlib/v1.11/Pkg/src/API.jl:159
 [6] test(pkgs::Vector{Pkg.Types.PackageSpec})
   @ Pkg.API /usr/local/Cellar/julia/1.11.6/share/julia/stdlib/v1.11/Pkg/src/API.jl:148
 [7] test(; name::Nothing, uuid::Nothing, version::Nothing, url::Nothing, rev::Nothing, path::Nothing, mode::Pkg.Types.PackageMode, subdir::Nothing, kwargs::@Kwargs{})
   @ Pkg.API /usr/local/Cellar/julia/1.11.6/share/julia/stdlib/v1.11/Pkg/src/API.jl:174
 [8] test()
   @ Pkg.API /usr/local/Cellar/julia/1.11.6/share/julia/stdlib/v1.11/Pkg/src/API.jl:165
 [9] top-level scope
   @ none:1
G3C_TEST_OUTPUT_END
G3C_RESULT=FAIL
G3C_TEST_EXIT=1
G3C_CLONE_DESTROYED=true
G3C_METADATA_DESTROYED=true
G3C_ORIGIN_HEAD_AFTER=b68242c900e3c37aaac672ed2cfaa956bc6cc115
G3C_ORIGIN_INDEX_TREE_AFTER=4e27335ccb52745d4d77c0a711aea50ee68ce110
G3C_ORIGIN_HEAD_OR_INDEX_MUTATED=false
G3C_END
