== four_unit_exhaustive case 1713
 motors=(:u3, :u4) thresholds=(1, 1, 1, 1) initial=[1, 0, 0, 0]
 edges=[(:u1, :u2, 1), (:u1, :u3, 1), (:u2, :u3, 1), (:u3, :u1, 1), (:u3, :u2, 1)]
 κ=[:u1, :u2, :u3] baseline=[:u1, :u2, :u3] anchor=[1, 1, 1, 0]
  silence u1: loss=Symbol[]
  silence u2: loss=Symbol[]
  silence u3: loss=[:u1, :u2, :u3]
  silence u4: loss=Symbol[]
 N3 pairs=Vector{Symbol}[] org=[[:u1, :u2, :u3]] strict=[[:u1, :u2, :u3]] weak=[[:u1, :u3], [:u1, :u2, :u3]]
== four_unit_exhaustive case 6833
 motors=(:u3, :u4) thresholds=(1, 1, 1, 1) initial=[1, 0, 0, 0]
 edges=[(:u1, :u2, 1), (:u1, :u3, 1), (:u2, :u3, 1), (:u3, :u1, 1), (:u3, :u4, 1), (:u4, :u1, 1)]
 κ=[:u1, :u2, :u3, :u4] baseline=[:u1, :u2, :u3, :u4] anchor=[1, 1, 1, 1]
  silence u1: loss=[:u1, :u2, :u3, :u4]
  silence u2: loss=Symbol[]
  silence u3: loss=[:u1, :u2, :u3, :u4]
  silence u4: loss=Symbol[]
 N3 pairs=[[:u1, :u3]] org=Vector{Symbol}[] strict=Vector{Symbol}[] weak=[[:u1, :u3, :u4], [:u1, :u2, :u3], [:u1, :u2, :u3, :u4]]
== six_unit_sequence case 50
 motors=(:u5, :u6) thresholds=(1, 1, 1, 1, 1, 2) initial=[0, 0, 0, 1, 1, 1]
 edges=[(:u1, :u2, -1), (:u1, :u3, 1), (:u1, :u5, 1), (:u1, :u6, -1), (:u2, :u3, 1), (:u2, :u4, 1), (:u2, :u5, -1), (:u3, :u2, 1), (:u3, :u4, 1), (:u3, :u5, -1), (:u3, :u6, -1), (:u4, :u2, 1), (:u4, :u3, -1), (:u4, :u5, 1), (:u4, :u6, 1), (:u5, :u1, -1), (:u5, :u2, -1), (:u5, :u4, 1), (:u5, :u6, -1), (:u6, :u1, 1), (:u6, :u2, -1), (:u6, :u5, 1)]
 κ=[:u4, :u5] baseline=[:u4, :u5] anchor=[0, 0, 0, 1, 1, 0]
  silence u1: loss=Symbol[]
  silence u2: loss=Symbol[]
  silence u3: loss=Symbol[]
  silence u4: loss=[:u4, :u5]
  silence u5: loss=[:u5]
  silence u6: loss=Symbol[]
 N3 pairs=Vector{Symbol}[] org=[[:u1, :u5, :u4, :u6], [:u4, :u6, :u5], [:u4, :u5]] strict=[[:u1, :u5, :u4, :u6], [:u4, :u6, :u5], [:u4, :u5]] weak=[[:u1, :u5, :u4, :u6], [:u4, :u6, :u5], [:u4, :u5]]
== six_unit_sequence case 11475
 motors=(:u5, :u6) thresholds=(2, 1, 2, 1, 1, 1) initial=[1, 0, 1, 1, 0, 1]
 edges=[(:u1, :u3, 1), (:u1, :u4, -1), (:u2, :u3, 1), (:u2, :u4, 1), (:u2, :u5, 1), (:u2, :u6, 1), (:u3, :u2, -1), (:u3, :u5, 1), (:u3, :u6, 1), (:u4, :u2, 1), (:u4, :u3, -1), (:u4, :u5, -1), (:u4, :u6, 1), (:u5, :u1, 1), (:u5, :u2, -1), (:u5, :u3, 1), (:u5, :u6, 1), (:u6, :u1, 1), (:u6, :u2, 1), (:u6, :u3, 1), (:u6, :u4, -1), (:u6, :u5, 1)]
 κ=[:u1, :u3, :u5, :u6] baseline=[:u1, :u3, :u5, :u6] anchor=[1, 0, 1, 0, 1, 1]
  silence u1: loss=Symbol[]
  silence u2: loss=Symbol[]
  silence u3: loss=Symbol[]
  silence u4: loss=Symbol[]
  silence u5: loss=[:u1, :u3, :u5, :u6]
  silence u6: loss=[:u1, :u3, :u5, :u6]
 N3 pairs=[[:u5, :u6]] org=Vector{Symbol}[] strict=Vector{Symbol}[] weak=[[:u1, :u3, :u6], [:u1, :u3, :u6, :u5], [:u1, :u3, :u6, :u2, :u5], [:u1, :u3, :u5], [:u1, :u3, :u5, :u6], [:u2, :u5, :u6], [:u2, :u5, :u3, :u6], [:u2, :u3, :u6], [:u2, :u3, :u5, :u6]]
