FALSIFICATION-BDY-002-DEAD-SUPPORT: PASS
FALSIFICATION-BDY-002-RANDOM-PERSISTENCE: PASS
Test Summary:           | Pass  Total   Time
field to sensory bridge |   20     20  19.2s
FALSIFICATION-BDY-003-MISSING-BOUNDARY: PASS
FALSIFICATION-BDY-003-OUTSIDE-SUPPORT: PASS
FALSIFICATION-BDY-003-PROFILE-DIGEST: PASS
FALSIFICATION-BDY-003-PERIODIC-WRAP: PASS
G4-BDY-003-EDGE: (from = :PeriodicBoundaryExtraction, to = "body.periodic_boundary_extraction", relation = :lean_contract)
G4-BDY-003-EDGE: (from = "body.periodic_boundary_extraction", to = "ERIEC.FieldBridge.PeriodicBoundaryWitness", relation = :lean_dependency)
G4-BDY-003-EDGE: (from = :PeriodicBoundaryExtraction, to = "check_periodic_body_boundary", relation = :julia_checker)
Test Summary:                  | Pass  Total   Time
periodic body boundary witness |   34     34  58.1s
Test Summary:                               | Pass  Total  Time
periodic boundary independent finite oracle | 5204   5204  1.5s
FALSIFICATION-BDY-002-SIGMA-FLIP-HCONV-ONLY: PASS
FALSIFICATION-BDY-002-ALPHA-FLIP-HCONV-ONLY: PASS
FALSIFICATION-BDY-002-PROVENANCE-ONLY: PASS
FALSIFICATION-BDY-002-INDEPENDENT-DEPENDENCY: PASS
Test Summary:                                 | Pass  Total   Time
independent alpha and clamp sigma measurement |   18     18  24.7s
