== four_unit_exhaustive case 5361  motors=(:u3, :u4) thresholds=(1, 1, 1, 1)
 edges=[(:u1, :u2, 1), (:u1, :u3, 1), (:u1, :u4, 1), (:u2, :u3, 1), (:u3, :u2, 1), (:u4, :u1, 1)]
 κ=[:u2, :u3] baseline=[:u2, :u3]
  silence u1: loss=Symbol[]  ρ=Symbol[]
  silence u2: loss=[:u3]  ρ=[:u3]
  silence u3: loss=[:u2]  ρ=Symbol[]  π=[:u2]
  silence u4: loss=Symbol[]  ρ=Symbol[]  π=Symbol[]
 N3 pairs=Vector{Symbol}[] N3(D) pairs=Vector{Symbol}[] G3 cycles=[[:u2, :u3]]
== four_unit_exhaustive case 6459  motors=(:u3, :u4) thresholds=(1, 1, 1, 1)
 edges=[(:u1, :u2, 1), (:u1, :u3, 1), (:u2, :u4, 1), (:u3, :u4, 1), (:u4, :u1, 1)]
 κ=[:u1, :u2, :u3, :u4] baseline=[:u1, :u2, :u3, :u4]
  silence u1: loss=[:u1, :u2, :u3, :u4]  ρ=[:u3, :u4]
  silence u2: loss=Symbol[]  ρ=Symbol[]
  silence u3: loss=Symbol[]  ρ=Symbol[]  π=Symbol[]
  silence u4: loss=[:u1, :u2, :u3, :u4]  ρ=[:u3, :u4]  π=[:u1, :u2, :u3, :u4]
 N3 pairs=[[:u1, :u4]] N3(D) pairs=[[:u1, :u4]] G3 cycles=Vector{Symbol}[]
== six_unit_sequence case 94  motors=(:u5, :u6) thresholds=(1, 2, 1, 1, 1, 2)
 edges=[(:u1, :u2, 1), (:u1, :u5, 1), (:u1, :u6, 1), (:u2, :u3, -1), (:u2, :u5, -1), (:u2, :u6, -1), (:u3, :u5, 1), (:u3, :u6, 1), (:u4, :u2, -1), (:u4, :u3, 1), (:u4, :u6, -1), (:u5, :u1, 1), (:u5, :u2, 1), (:u5, :u4, 1), (:u6, :u2, 1), (:u6, :u3, 1), (:u6, :u4, -1), (:u6, :u5, 1)]
 κ=[:u1, :u3, :u4, :u5] baseline=[:u1, :u3, :u4, :u5]
  silence u1: loss=Symbol[]  ρ=Symbol[]
  silence u2: loss=Symbol[]  ρ=Symbol[]
  silence u3: loss=Symbol[]  ρ=Symbol[]
  silence u4: loss=[:u1, :u3, :u4, :u5]  ρ=[:u5]
  silence u5: loss=[:u1, :u3, :u4, :u5]  ρ=[:u5]  π=[:u1, :u3, :u4, :u5]
  silence u6: loss=Symbol[]  ρ=Symbol[]  π=Symbol[]
 N3 pairs=[[:u4, :u5]] N3(D) pairs=[[:u4, :u5]] G3 cycles=Vector{Symbol}[]
== six_unit_sequence case 1150  motors=(:u5, :u6) thresholds=(1, 1, 2, 2, 1, 1)
 edges=[(:u1, :u2, 1), (:u1, :u3, 1), (:u1, :u4, -1), (:u1, :u5, -1), (:u2, :u3, 1), (:u2, :u4, -1), (:u2, :u5, 1), (:u2, :u6, 1), (:u3, :u2, 1), (:u3, :u4, -1), (:u3, :u5, 1), (:u3, :u6, -1), (:u4, :u3, -1), (:u4, :u5, 1), (:u4, :u6, -1), (:u5, :u2, 1), (:u5, :u4, 1), (:u5, :u6, 1), (:u6, :u1, -1), (:u6, :u2, 1), (:u6, :u3, 1), (:u6, :u4, 1), (:u6, :u5, 1)]
 κ=[:u2, :u3, :u5, :u6] baseline=[:u2, :u3, :u5, :u6]
  silence u1: loss=Symbol[]  ρ=Symbol[]
  silence u2: loss=[:u3, :u5, :u6]  ρ=[:u5, :u6]
  silence u3: loss=Symbol[]  ρ=Symbol[]
  silence u4: loss=Symbol[]  ρ=Symbol[]
  silence u5: loss=[:u2, :u3, :u6]  ρ=[:u6]  π=[:u2, :u3, :u6]
  silence u6: loss=[:u3]  ρ=Symbol[]  π=[:u3]
 N3 pairs=Vector{Symbol}[] N3(D) pairs=Vector{Symbol}[] G3 cycles=[[:u2, :u5]]
