== four_unit_exhaustive
  D changed:act                           195  e.g. [881, 883, 889]
  D changed:beta_nonempty:to_true         24  e.g. [10849, 10851, 10857]
  D+self changed:act                      195  e.g. [881, 883, 889]
  D+self changed:beta_nonempty:to_true    1633  e.g. [881, 883, 889]
  D+self changed:dc2:to_true              504  e.g. [613, 615, 621]
  D+self changed:hHingeNeeded:to_false    5480  e.g. [884, 886, 892]
  D+self changed:hSelf2:to_true           2013  e.g. [613, 615, 621]
  D+self changed:hUnit:to_true            48  e.g. [5361, 5363, 5365]
  D+self:FP                               108  e.g. [6459, 6461, 6463]
  D+self:TN                               25611  e.g. [0, 1, 2]
  D+self:TP                               7049  e.g. [549, 551, 557]
  D+self:unsound_pair_circuit             108  e.g. [6459, 6461, 6463]
  D:FN                                    48  e.g. [5361, 5363, 5365]
  D:FP                                    108  e.g. [6459, 6461, 6463]
  D:TN                                    25611  e.g. [0, 1, 2]
  D:TP                                    7001  e.g. [549, 551, 557]
  D:unsound_pair_circuit                  108  e.g. [6459, 6461, 6463]
  current:FN                              48  e.g. [5361, 5363, 5365]
  current:FP                              108  e.g. [6459, 6461, 6463]
  current:TN                              25611  e.g. [0, 1, 2]
  current:TP                              7001  e.g. [549, 551, 557]
  current:unsound_pair_circuit            108  e.g. [6459, 6461, 6463]
== six_unit_sequence
  D changed:act                           1  e.g. [19527]
  D changed:dc2:to_true                   1  e.g. [1357]
  D changed:hSelf2:to_true                4  e.g. [1357, 4763, 7074]
  D+self changed:act                      1  e.g. [19527]
  D+self changed:beta_nonempty:to_true    14  e.g. [275, 1437, 2997]
  D+self changed:dc2:to_true              15  e.g. [677, 828, 1357]
  D+self changed:hHingeNeeded:to_false    184  e.g. [358, 602, 660]
  D+self changed:hSelf2:to_true           94  e.g. [122, 677, 828]
  D+self changed:hUnit:to_true            36  e.g. [122, 677, 1150]
  D+self:FP                               11  e.g. [94, 677, 1487]
  D+self:TN                               19049  e.g. [0, 1, 2]
  D+self:TP                               940  e.g. [39, 77, 78]
  D+self:unsound_pair_circuit             16  e.g. [94, 677, 1487]
  D:FN                                    33  e.g. [122, 1150, 1838]
  D:FP                                    8  e.g. [94, 1487, 4652]
  D:TN                                    19052  e.g. [0, 1, 2]
  D:TP                                    907  e.g. [39, 77, 78]
  D:unsound_pair_circuit                  13  e.g. [94, 1487, 4652]
  current:FN                              33  e.g. [122, 1150, 1838]
  current:FP                              8  e.g. [94, 1487, 4652]
  current:TN                              19052  e.g. [0, 1, 2]
  current:TP                              907  e.g. [39, 77, 78]
  current:unsound_pair_circuit            13  e.g. [94, 1487, 4652]
