# RSB-001 registration verification against the fixed remote, 2026-09-27T11:56:13Z
# julia --startup-file=no bin/eriec-substrate-registry.jl verify 0f9789155c1a69fcc3acc71d28660d21a2791848 rsb-001-reactivation-substrate-v1 <repo>
analysis_plan_digest = "23762f1fa8af69332e9ce7207bab45c3d87c077f87fea3a561f9e60de9115401"
analysis_plan_path = "specs/reactivation-analysis-plan-v1.toml"
analysis_schema_validation_version = "rsb-analysis-schema-v1"
author_declared_at = "2026-09-27T11:55:54Z"
author_declared_at_semantics = "self_declared_not_used_for_ordering"
case_count = 256
case_digest = "6dbe5ea3a7e854240915a44649e2902bc4df2a6874f49b59ab4c7e94d6cf0f2e"
observed_remote_oid = "0f9789155c1a69fcc3acc71d28660d21a2791848"
phenomenal_claim = "not_certified"
preregistration_strength = "full"
profile_blob_sha256 = "43c86df817eeece6f0b34f608e0108b955017ae2477ed8a50a7a1129f2318571"
profile_commit = "39bd60ef3096f938f6173a137bbc7e840cd24632"
profile_id = "reactivation-substrate-v1"
profile_path = "specs/reactivation-substrate-v1.toml"
profile_schema_validation_version = "rsb-profile-schema-v1"
registration_commit = "0f9789155c1a69fcc3acc71d28660d21a2791848"
registration_id = "rsb-001-reactivation-substrate-v1"
remote_ref = "refs/heads/main"
remote_url = "https://github.com/yaaman18/bridge-protocol.git"
status = "VERIFIED"

[runner]
julia_version = "1.11.6"
manifest_sha256 = "eb190dc7862767aa574fdfea78b1271beb7f9fedfcc896e21c55d824c1317e12"
runner_commit = "0f9789155c1a69fcc3acc71d28660d21a2791848"
runner_dirty = false
runner_tree = "cfcb5e4ed1ddeee9fd6c7837c99ca1851f1bcfdb"
exit=0
