== six_unit_sequence case 8032 motors=(:u5, :u6) thresholds=(1, 1, 1, 1, 2, 2)
 edges=[(:u1, :u4, 1), (:u1, :u5, 1), (:u2, :u3, -1), (:u2, :u4, -1), (:u2, :u5, -1), (:u2, :u6, -1), (:u3, :u4, 1), (:u3, :u5, 1), (:u3, :u6, 1), (:u4, :u2, -1), (:u4, :u3, 1), (:u4, :u5, 1), (:u4, :u6, -1), (:u5, :u1, 1), (:u5, :u3, 1), (:u5, :u4, -1), (:u5, :u6, 1), (:u6, :u1, 1), (:u6, :u3, -1), (:u6, :u5, -1)]
 κ=[:u1, :u3, :u4, :u5] baseline=[:u1, :u3, :u4, :u5]
  silence u1: loss=[:u1, :u3, :u4, :u5]
  silence u2: loss=Symbol[]
  silence u3: loss=[:u1, :u3, :u4, :u5]
  silence u4: loss=[:u1, :u3, :u4, :u5]
  silence u5: loss=[:u1]
  silence u6: loss=Symbol[]
 N3 pairs=Vector{Symbol}[] v4 pairs=[[:u1, :u3], [:u1, :u4], [:u1, :u5]]
== six_unit_sequence case 4862 motors=(:u5, :u6) thresholds=(2, 2, 1, 2, 1, 1)
 edges=[(:u1, :u2, 1), (:u1, :u5, 1), (:u1, :u6, 1), (:u2, :u3, 1), (:u2, :u6, 1), (:u3, :u2, -1), (:u3, :u4, 1), (:u3, :u5, 1), (:u3, :u6, 1), (:u4, :u3, 1), (:u4, :u6, -1), (:u5, :u1, -1), (:u5, :u2, -1), (:u5, :u4, 1), (:u6, :u1, -1), (:u6, :u3, 1), (:u6, :u4, 1), (:u6, :u5, 1)]
 κ=[:u3, :u4, :u5] baseline=[:u3, :u4, :u5]
  silence u1: loss=Symbol[]
  silence u2: loss=Symbol[]
  silence u3: loss=[:u3, :u4, :u5]
  silence u4: loss=[:u3]
  silence u5: loss=[:u3, :u4]
  silence u6: loss=Symbol[]
 N3 pairs=Vector{Symbol}[] v4 pairs=[[:u3, :u4], [:u3, :u5]]
== six_unit_sequence case 1600 motors=(:u5, :u6) thresholds=(2, 2, 2, 1, 1, 1)
 edges=[(:u1, :u4, 1), (:u1, :u5, 1), (:u2, :u3, -1), (:u2, :u4, 1), (:u2, :u6, 1), (:u3, :u2, 1), (:u3, :u4, 1), (:u3, :u5, 1), (:u3, :u6, -1), (:u4, :u2, 1), (:u4, :u3, 1), (:u4, :u5, 1), (:u4, :u6, 1), (:u5, :u1, 1), (:u5, :u3, -1), (:u5, :u6, 1), (:u6, :u1, 1), (:u6, :u2, -1), (:u6, :u3, 1), (:u6, :u4, 1), (:u6, :u5, -1)]
 κ=[:u4, :u5, :u6] baseline=[:u1, :u4, :u5, :u6]
  silence u1: loss=[:u1, :u5, :u6]
  silence u2: loss=Symbol[]
  silence u3: loss=Symbol[]
  silence u4: loss=[:u1, :u4, :u5, :u6]
  silence u5: loss=[:u1, :u5, :u6]
  silence u6: loss=[:u1, :u4, :u5, :u6]
 N3 pairs=[[:u4, :u5], [:u4, :u6], [:u5, :u6]] v4 pairs=[[:u4, :u6], [:u5, :u6]]
