order-10b Stage 2 implementation audit (2026-08-23)

Type-first precheck
  markers.classify: ACCEPT exact_finite_decision. Lean classify maps FMMarkers
  (four Bool fields) to the three-constructor FunctionalClass. Julia uses the
  closed encoding consciousMarker<->:conscious,
  blindsightAnalog<->:blindsight_analog, and
  nonconsciousMarker<->:nonconscious. check_marker_classification returns Bool,
  rejects Symbols outside that closed image, and recomputes the Lean branch
  formulas without calling classify_action_markers.

  opendynamics.path: ACCEPT witness_validator. Lean Path.nil corresponds to one
  Julia state and no kinds; Path.cons corresponds to one adjacent state/kind
  triple followed by the remaining list. InternalEdge and CouplingEdge(port)
  encode EdgeKind.internal and EdgeKind.coupling(port). Endpoint indices and step
  proofs are erased; OpenPath checks list shape and check_open_path recomputes
  carrier membership plus every graph.step obligation. Faithful carrier/kind
  encoding, total Bool-valued step, and a complete finite state carrier remain
  explicit assumptions.

Oracle and negative evidence
  Marker expected values are a literal 16-row Bool^4 table. No expected value is
  generated by either classifier. Every row checks the classifier result, checker
  acceptance, and rejection of a different valid class; an unknown Symbol is
  also rejected. The exact sensitivity registry contains an independent positive
  and mutated-candidate negative case.

  Path target tests include nil, internal, and coupling positive witnesses, plus
  unknown-state and non-edge negative witnesses.

Gate results
  G1 VP-MRK-002: PASS (2808 jobs)
    logs/gates/VP-MRK-002/G1-20260823.log
  G1 VP-OPD-002: PASS (2808 jobs)
    logs/gates/VP-OPD-002/G1-20260823.log
  G2 VP-MRK-002: PASS (1214/1214)
    logs/gates/VP-MRK-002/G2-20260823.log
  G2 VP-OPD-002: PASS (1214/1214)
    logs/gates/VP-OPD-002/G2-20260823.log
  Target G3 VP-MRK-002: PASS (60/60)
    logs/gates/VP-MRK-002/G3-20260823.log
  Target G3 VP-OPD-002: PASS (finite open dynamics 16/16)
    logs/gates/VP-OPD-002/G3-20260823.log
  Connected manifest: PASS (83/83)
    logs/gates/order-10b/G3-manifest-20260823.log
  Connected claim ledger: PASS (417/417)
    logs/gates/order-10b/G3-claim-20260823.log
  Connected v1 ledger: PASS (372/372)
    logs/gates/order-10b/G3-ledger-20260823.log
  Connected category pipeline: PASS (77/77)
    logs/gates/order-10b/G3-category-20260823.log
  Full G3: FAIL before G4
    logs/gates/order-10b/G3-full-20260823.log

Full-G3 blocker isolation
  The only concrete test error in the full log is outside order-10b:
  test/test_model_evaluation.jl:15 constructs ModelEvaluationRecord without the
  newly mandatory fingerprint_algorithm keyword declared by the untracked
  src/model_evaluation.jl constructor. The runner reports two failed groups,
  but its detailed output contains one errored test set (0 passed, 0 failed,
  1 errored); all other printed groups, including functional markers 60/60,
  finite open dynamics 16/16, Lean-Julia contract 1214/1214, category 77/77,
  claim ledger 417/417, and v1 ledger 372/372, pass. These model-evaluation
  files pre-existed as unrelated user work and were not modified for order-10b.
  G4 and certified status transitions are therefore intentionally not run.

2026-08-24 certification follow-up
  The external model-evaluation blocker was resolved outside this batch. A
  fresh full G3 and both G4 checks passed, so VP-MRK-002 and VP-OPD-002 were
  advanced to certified.
  Full G3: logs/gates/order-10b/G3-full-certification-20260824.log
  VP-MRK-002 G4: logs/gates/VP-MRK-002/G4-20260824.log
  VP-OPD-002 G4: logs/gates/VP-OPD-002/G4-20260824.log
