┌ Warning: The project dependencies or compat requirements have changed since the manifest was last resolved.
│ It is recommended to `Pkg.resolve()` or consider `Pkg.update()` if necessary.
└ @ Pkg.API /usr/local/Cellar/julia/1.11.6/share/julia/stdlib/v1.11/Pkg/src/API.jl:1206
     Testing ERIEC
      Status `/private/var/folders/82/qvmvqs01469ck832bd6f4k280000gn/T/jl_YVNb8O/Project.toml`
  [f6f58f5d] ERIEC v0.1.0 `~/bridge-protocol`
  [f6369f11] ForwardDiff v1.4.1
  [0f8b85d8] JSON3 v1.14.3
  [37e2e46d] LinearAlgebra v1.11.0
  [9a3f8284] Random v1.11.0
  [ea8e919c] SHA v0.7.0
  [fa267f1f] TOML v1.0.3
  [8dfed614] Test v1.11.0
      Status `/private/var/folders/82/qvmvqs01469ck832bd6f4k280000gn/T/jl_YVNb8O/Manifest.toml`
  [bbf7d656] CommonSubexpressions v0.3.1
  [163ba53b] DiffResults v1.1.0
  [b552c78f] DiffRules v1.16.0
  [ffbed154] DocStringExtensions v0.9.5
  [f6f58f5d] ERIEC v0.1.0 `~/bridge-protocol`
  [f6369f11] ForwardDiff v1.4.1
  [92d709cd] IrrationalConstants v0.2.6
  [692b3bcd] JLLWrappers v1.8.0
  [0f8b85d8] JSON3 v1.14.3
  [2ab3a3ac] LogExpFunctions v1.0.1
  [1914dd2f] MacroTools v0.5.16
  [77ba4419] NaNMath v1.1.4
  [69de0a69] Parsers v2.8.6
⌅ [aea7be01] PrecompileTools v1.2.1
  [21216c6a] Preferences v1.5.2
  [276daf66] SpecialFunctions v2.8.0
  [1e83bf80] StaticArraysCore v1.4.4
  [856f2bd8] StructTypes v1.11.0
  [efe28fd5] OpenSpecFun_jll v0.5.6+0
  [56f22d72] Artifacts v1.11.0
  [2a0f44e3] Base64 v1.11.0
  [ade2ca70] Dates v1.11.0
  [b77e0a4c] InteractiveUtils v1.11.0
  [8f399da3] Libdl v1.11.0
  [37e2e46d] LinearAlgebra v1.11.0
  [56ddb016] Logging v1.11.0
  [d6f4376e] Markdown v1.11.0
  [a63ad114] Mmap v1.11.0
  [de0858da] Printf v1.11.0
  [9a3f8284] Random v1.11.0
  [ea8e919c] SHA v0.7.0
  [9e88b42a] Serialization v1.11.0
  [fa267f1f] TOML v1.0.3
  [8dfed614] Test v1.11.0
  [cf7118a7] UUIDs v1.11.0
  [4ec0a83e] Unicode v1.11.0
  [e66e0078] CompilerSupportLibraries_jll v1.1.1+0
  [4536629a] OpenBLAS_jll v0.3.27+1
  [05823500] OpenLibm_jll v0.8.5+0
  [8e850b90] libblastrampoline_jll v5.11.0+0
        Info Packages marked with ⌅ have new versions available but compatibility constraints restrict them from upgrading.
Precompiling project for configuration --code-coverage=none --color=auto --check-bounds=yes --warn-overwrite=yes --depwarn=yes --inline=yes --startup-file=no --track-allocation=none...
   7066.1 ms  ✓ ERIEC
  1 dependency successfully precompiled in 7 seconds. 32 already precompiled.
     Testing Running tests...
ERROR: LoadError: ERIEC test groups failed: 1
Stacktrace:
 [1] run_parallel_test_groups(groups::Vector{Vector{String}}, estimated_loads::Vector{Float64}; phase::String)
   @ Main ~/bridge-protocol/test/parallel_test_runner.jl:48
 [2] run_parallel_test_groups
   @ ~/bridge-protocol/test/parallel_test_runner.jl:20 [inlined]
 [3] run_eriec_tests()
   @ Main ~/bridge-protocol/test/parallel_test_runner.jl:72
 [4] top-level scope
   @ ~/bridge-protocol/test/runtests.jl:3
 [5] include(fname::String)
   @ Main ./sysimg.jl:38
 [6] top-level scope
   @ none:6
in expression starting at /Users/yamaguchimitsuyuki/bridge-protocol/test/runtests.jl:3
Running 51 ERIEC test files in 4 isolated processes, then 4 exclusive file(s)

===== ERIEC parallel test group 1/4 (estimated 84.0s) =====
Precompiling ERIEC...
   7762.2 ms  ✓ ERIEC
  1 dependency successfully precompiled in 8 seconds. 26 already precompiled.
Test Summary:                | Pass  Total     Time
field coupled system adapter |  151    151  2m35.5s

===== ERIEC parallel test group 2/4 (estimated 71.0s) =====
Precompiling ERIEC...
    ERIEC Being precompiled by another process (pid: 37843, pidfile: /Users/yamaguchimitsuyuki/.julia/compiled/v1.11/ERIEC/HC09U_7CPW8.ji.pidfile)
   7479.8 ms  ✓ ERIEC
  1 dependency successfully precompiled in 8 seconds. 26 already precompiled.
Test Summary:                                     | Pass  Total     Time
ordered reachability graded dynamics and boundary |   57     57  1m04.5s
Test Summary: | Pass  Total   Time
worlddc       |   56     56  25.4s
Test Summary:            | Pass  Total   Time
category update pipeline |   80     80  10.1s
Test Summary:        | Pass  Total  Time
finite open dynamics |   16     16  3.7s
Test Summary:      | Pass  Total  Time
finite audit layer |    7      7  2.1s
Test Summary:        | Pass  Total  Time
finite lineage layer |    9      9  0.4s
Test Summary:                            | Pass  Total  Time
finite theory translation and guarantees |    4      4  0.2s
Test Summary:             | Pass  Total   Time
Sigma1 individual adapter |   31     31  11.1s
Test Summary: | Pass  Total  Time
checkpoints   |   17     17  2.8s
Test Summary: | Pass  Total  Time
value         |   25     25  1.9s
Test Summary:              | Pass  Total  Time
official TRM Python bridge |    3      3  1.2s
Test Summary:                | Pass  Total  Time
viability closure object map |   69     69  3.2s
Test Summary: | Pass  Total  Time
hinge         |   11     11  0.3s
Test Summary: | Pass  Total  Time
consume       |    4      4  0.2s
Test Summary:         | Pass  Total  Time
experiment acceptance |   18     18  0.8s
Test Summary:       | Pass  Total  Time
update bisimulation |    2      2  0.0s
Test Summary:            | Pass  Total   Time
v1 ledger coverage audit |  372    372  13.8s
Test Summary: | Pass  Total  Time
Richness      |    6      6  1.2s
Test Summary:      | Pass  Total  Time
functional markers |   60     60  0.0s
Test Summary:            | Pass  Total  Time
ranked relation presheaf |    2      2  0.1s
Test Summary:                | Pass  Total  Time
critical rank collapse bound |    2      2  0.1s

===== ERIEC parallel test group 3/4 (estimated 70.5s) =====
Precompiling ERIEC...
    ERIEC Being precompiled by another process (pid: 37843, pidfile: /Users/yamaguchimitsuyuki/.julia/compiled/v1.11/ERIEC/HC09U_7CPW8.ji.pidfile)
   6541.2 ms  ✓ ERIEC
  1 dependency successfully precompiled in 7 seconds. 26 already precompiled.
Test Summary:               | Pass  Total     Time
minimal policy and topology |  201    201  1m13.4s
Test Summary: | Pass  Total  Time
world         |   47     47  8.0s
Test Summary:       | Pass  Total   Time
Lean Julia contract | 1214   1214  23.1s
Test Summary: | Pass  Total  Time
sensitivity   |    6      6  1.8s
Test Summary:  | Pass  Total  Time
system adapter |   13     13  3.5s
Test Summary:            | Pass  Total   Time
experiment visualization |   28     28  10.6s
Test Summary:        | Pass  Total  Time
weighted sensitivity |    6      6  0.6s
Test Summary:                 | Pass  Total  Time
finite relation linearization |   14     14  4.9s
Test Summary:           | Pass  Total  Time
three-layer composition |   26     26  2.5s
Test Summary: | Pass  Total  Time
dc            |   13     13  1.2s
Test Summary:                | Pass  Total  Time
critical certification bound |    3      3  0.0s
Test Summary:       | Pass  Total  Time
observation summary |    8      8  0.0s
Test Summary:    | Pass  Total  Time
critical slowing |   11     11  0.3s
Test Summary:            | Pass  Total  Time
Lean module architecture |   11     11  0.7s
Test Summary:    | Pass  Total  Time
reference models |   25     25  7.3s
Test Summary:                            | Pass  Total   Time
order-11 closed large-reference decoders |   23     23  11.1s
Test Summary:              | Pass  Total  Time
generation boundary audits |   34     34  2.1s
Test Summary:                | Pass  Total  Time
umwelt comparison and series |    4      4  0.8s

===== ERIEC parallel test group 4/4 (estimated 70.5s) =====
Precompiling ERIEC...
    ERIEC Being precompiled by another process (pid: 37843, pidfile: /Users/yamaguchimitsuyuki/.julia/compiled/v1.11/ERIEC/HC09U_7CPW8.ji.pidfile)
   7064.4 ms  ✓ ERIEC
  1 dependency successfully precompiled in 7 seconds. 26 already precompiled.
Test Summary:               | Pass  Total     Time
Lenia experiment management |  138    138  3m10.3s
Test Summary: | Pass  Total   Time
body          |   33     33  25.7s
Test Summary:           | Pass  Total  Time
observation artifact v1 |   32     32  4.8s
Test Summary:        | Pass  Total  Time
toy recurrent system |   28     28  5.6s
Test Summary:                   | Pass  Total  Time
benchmarks collapse and reports |   40     40  3.9s
Test Summary:                     | Pass  Total   Time
Sigma1 diversity resolution audit |   15     15  13.9s
Test Summary: | Pass  Total  Time
adjunction    |   13     13  1.6s
Test Summary:            | Pass  Total  Time
Sigma selection contract |   23     23  1.5s
Test Summary:               | Pass  Total  Time
bridge functor obstructions |  138    138  2.0s
Test Summary: | Pass  Total  Time
closure       |   20     20  0.8s
Test Summary:                | Pass  Total  Time
terminal and mutation guards |    4      4  0.1s
Test Summary: | Pass  Total  Time
reachability  |    7      7  0.1s
Test Summary:   | Pass  Total  Time
finite dynamics |   21     21  3.4s
Test Summary:          | Pass  Total  Time
claim ledger integrity |  417    417  4.3s
Test Summary: | Pass  Total   Time
Frozen wagers |   42     42  12.5s
Test Summary:                     | Pass  Total  Time
TemporalDC finite boundary audits |   16     16  0.8s
Test Summary:     | Pass  Total  Time
copair uniqueness |    2      2  0.1s

===== ERIEC exclusive test group 1/1 (estimated 114.0s) =====
Precompiling ERIEC...
   7284.3 ms  ✓ ERIEC
  1 dependency successfully precompiled in 8 seconds. 26 already precompiled.
ERROR: LoadError: Some tests did not pass: 10 passed, 3 failed, 1 errored, 0 broken.
in expression starting at /Users/yamaguchimitsuyuki/bridge-protocol/test/test_model_evaluation.jl:56
in expression starting at /Users/yamaguchimitsuyuki/bridge-protocol/test/parallel_test_worker.jl:6
Test Summary:             | Pass  Total   Time
checker semantic manifest |   83     83  46.9s
Test Summary:                                   | Pass  Total  Time
M4 model schema and canonical fingerprint input |   15     15  3.6s
model evaluation CLI: Test Failed at /Users/yamaguchimitsuyuki/bridge-protocol/test/test_model_evaluation.jl:101
  Expression: model_evaluation_cli(["audit", "--root", evidence_root, "--evaluation-id", "cli-reject"]; project_root = project_root, out = out, err = err) == 0
   Evaluated: 1 == 0

Stacktrace:
 [1] macro expansion
   @ /usr/local/Cellar/julia/1.11.6/share/julia/stdlib/v1.11/Test/src/Test.jl:680 [inlined]
 [2] (::var"#397#398"{String})(evidence_root::String)
   @ Main ~/bridge-protocol/test/test_model_evaluation.jl:101
 [3] mktempdir(fn::var"#397#398"{String}, parent::String; prefix::String)
   @ Base.Filesystem ./file.jl:819
 [4] mktempdir(fn::Function, parent::String)
   @ Base.Filesystem ./file.jl:815
 [5] macro expansion
   @ ~/bridge-protocol/test/test_model_evaluation.jl:58 [inlined]
 [6] macro expansion
   @ /usr/local/Cellar/julia/1.11.6/share/julia/stdlib/v1.11/Test/src/Test.jl:1709 [inlined]
 [7] top-level scope
   @ ~/bridge-protocol/test/test_model_evaluation.jl:57
model evaluation CLI: Test Failed at /Users/yamaguchimitsuyuki/bridge-protocol/test/test_model_evaluation.jl:107
  Expression: (JSON3.read(String(take!(out)))).ok === true
   Evaluated: false === true

Stacktrace:
 [1] macro expansion
   @ /usr/local/Cellar/julia/1.11.6/share/julia/stdlib/v1.11/Test/src/Test.jl:680 [inlined]
 [2] (::var"#397#398"{String})(evidence_root::String)
   @ Main ~/bridge-protocol/test/test_model_evaluation.jl:107
 [3] mktempdir(fn::var"#397#398"{String}, parent::String; prefix::String)
   @ Base.Filesystem ./file.jl:819
 [4] mktempdir(fn::Function, parent::String)
   @ Base.Filesystem ./file.jl:815
 [5] macro expansion
   @ ~/bridge-protocol/test/test_model_evaluation.jl:58 [inlined]
 [6] macro expansion
   @ /usr/local/Cellar/julia/1.11.6/share/julia/stdlib/v1.11/Test/src/Test.jl:1709 [inlined]
 [7] top-level scope
   @ ~/bridge-protocol/test/test_model_evaluation.jl:57
model evaluation CLI: Test Failed at /Users/yamaguchimitsuyuki/bridge-protocol/test/test_model_evaluation.jl:132
  Expression: model_evaluation_cli(["draft", "--root", evidence_root, "--evaluation-id", "cli-reject"]; project_root = project_root, out = out, err = err) == 0
   Evaluated: 2 == 0

Stacktrace:
 [1] macro expansion
   @ /usr/local/Cellar/julia/1.11.6/share/julia/stdlib/v1.11/Test/src/Test.jl:680 [inlined]
 [2] (::var"#397#398"{String})(evidence_root::String)
   @ Main ~/bridge-protocol/test/test_model_evaluation.jl:132
 [3] mktempdir(fn::var"#397#398"{String}, parent::String; prefix::String)
   @ Base.Filesystem ./file.jl:819
 [4] mktempdir(fn::Function, parent::String)
   @ Base.Filesystem ./file.jl:815
 [5] macro expansion
   @ ~/bridge-protocol/test/test_model_evaluation.jl:58 [inlined]
 [6] macro expansion
   @ /usr/local/Cellar/julia/1.11.6/share/julia/stdlib/v1.11/Test/src/Test.jl:1709 [inlined]
 [7] top-level scope
   @ ~/bridge-protocol/test/test_model_evaluation.jl:57
model evaluation CLI: Error During Test at /Users/yamaguchimitsuyuki/bridge-protocol/test/test_model_evaluation.jl:56
  Got exception outside of a @test
  ArgumentError: invalid JSON at byte position 0 while parsing type Any: UnexpectedEOF
  
  
  Stacktrace:
    [1] invalid(error::JSON3.Error, buf::Base.CodeUnits{UInt8, String}, pos::Int64, T::Type)
      @ JSON3 ~/.julia/packages/JSON3/rT1w2/src/JSON3.jl:30
    [2] parse(str::String; jsonlines::Bool, numbertype::Nothing, kw::@Kwargs{})
      @ JSON3 ~/.julia/packages/JSON3/rT1w2/src/read.jl:76
    [3] parse
      @ ~/.julia/packages/JSON3/rT1w2/src/read.jl:36 [inlined]
    [4] #read#5
      @ ~/.julia/packages/JSON3/rT1w2/src/read.jl:33 [inlined]
    [5] read
      @ ~/.julia/packages/JSON3/rT1w2/src/read.jl:31 [inlined]
    [6] (::var"#397#398"{String})(evidence_root::String)
      @ Main ~/bridge-protocol/test/test_model_evaluation.jl:138
    [7] mktempdir(fn::var"#397#398"{String}, parent::String; prefix::String)
      @ Base.Filesystem ./file.jl:819
    [8] mktempdir(fn::Function, parent::String)
      @ Base.Filesystem ./file.jl:815
    [9] macro expansion
      @ ~/bridge-protocol/test/test_model_evaluation.jl:58 [inlined]
   [10] macro expansion
      @ /usr/local/Cellar/julia/1.11.6/share/julia/stdlib/v1.11/Test/src/Test.jl:1709 [inlined]
   [11] top-level scope
      @ ~/bridge-protocol/test/test_model_evaluation.jl:57
   [12] include
      @ ./sysimg.jl:38 [inlined]
   [13] top-level scope
      @ ~/bridge-protocol/test/parallel_test_worker.jl:7
Test Summary:        | Pass  Fail  Error  Total   Time
model evaluation CLI |   10     3      1     14  36.5s
ERROR: Package ERIEC errored during testing
Stacktrace:
 [1] pkgerror(msg::String)
   @ Pkg.Types /usr/local/Cellar/julia/1.11.6/share/julia/stdlib/v1.11/Pkg/src/Types.jl:68
 [2] test(ctx::Pkg.Types.Context, pkgs::Vector{Pkg.Types.PackageSpec}; coverage::Bool, julia_args::Cmd, test_args::Cmd, test_fn::Nothing, force_latest_compatible_version::Bool, allow_earlier_backwards_compatible_versions::Bool, allow_reresolve::Bool)
   @ Pkg.Operations /usr/local/Cellar/julia/1.11.6/share/julia/stdlib/v1.11/Pkg/src/Operations.jl:2128
 [3] test
   @ /usr/local/Cellar/julia/1.11.6/share/julia/stdlib/v1.11/Pkg/src/Operations.jl:2011 [inlined]
 [4] test(ctx::Pkg.Types.Context, pkgs::Vector{Pkg.Types.PackageSpec}; coverage::Bool, test_fn::Nothing, julia_args::Cmd, test_args::Cmd, force_latest_compatible_version::Bool, allow_earlier_backwards_compatible_versions::Bool, allow_reresolve::Bool, kwargs::@Kwargs{io::IOContext{IO}})
   @ Pkg.API /usr/local/Cellar/julia/1.11.6/share/julia/stdlib/v1.11/Pkg/src/API.jl:481
 [5] test(pkgs::Vector{Pkg.Types.PackageSpec}; io::IOContext{IO}, kwargs::@Kwargs{})
   @ Pkg.API /usr/local/Cellar/julia/1.11.6/share/julia/stdlib/v1.11/Pkg/src/API.jl:159
 [6] test(pkgs::Vector{Pkg.Types.PackageSpec})
   @ Pkg.API /usr/local/Cellar/julia/1.11.6/share/julia/stdlib/v1.11/Pkg/src/API.jl:148
 [7] test(; name::Nothing, uuid::Nothing, version::Nothing, url::Nothing, rev::Nothing, path::Nothing, mode::Pkg.Types.PackageMode, subdir::Nothing, kwargs::@Kwargs{})
   @ Pkg.API /usr/local/Cellar/julia/1.11.6/share/julia/stdlib/v1.11/Pkg/src/API.jl:174
 [8] test()
   @ Pkg.API /usr/local/Cellar/julia/1.11.6/share/julia/stdlib/v1.11/Pkg/src/API.jl:165
 [9] top-level scope
   @ none:1
