     Testing ERIEC
      Status `/private/var/folders/82/qvmvqs01469ck832bd6f4k280000gn/T/jl_NY2QTG/Project.toml`
  [f6f58f5d] ERIEC v0.1.0 `~/bridge-protocol`
  [f6369f11] ForwardDiff v1.4.1
  [0f8b85d8] JSON3 v1.14.3
  [2a0f44e3] Base64 v1.11.0
  [37e2e46d] LinearAlgebra v1.11.0
  [9a3f8284] Random v1.11.0
  [ea8e919c] SHA v0.7.0
  [fa267f1f] TOML v1.0.3
  [8dfed614] Test v1.11.0
      Status `/private/var/folders/82/qvmvqs01469ck832bd6f4k280000gn/T/jl_NY2QTG/Manifest.toml`
  [bbf7d656] CommonSubexpressions v0.3.1
  [163ba53b] DiffResults v1.1.0
  [b552c78f] DiffRules v1.16.0
  [ffbed154] DocStringExtensions v0.9.5
  [f6f58f5d] ERIEC v0.1.0 `~/bridge-protocol`
  [f6369f11] ForwardDiff v1.4.1
  [92d709cd] IrrationalConstants v0.2.6
  [692b3bcd] JLLWrappers v1.8.0
  [0f8b85d8] JSON3 v1.14.3
  [2ab3a3ac] LogExpFunctions v1.0.1
  [1914dd2f] MacroTools v0.5.16
  [77ba4419] NaNMath v1.1.4
  [69de0a69] Parsers v2.8.6
⌅ [aea7be01] PrecompileTools v1.2.1
  [21216c6a] Preferences v1.5.2
  [276daf66] SpecialFunctions v2.8.0
  [1e83bf80] StaticArraysCore v1.4.4
  [856f2bd8] StructTypes v1.11.0
  [efe28fd5] OpenSpecFun_jll v0.5.6+0
  [56f22d72] Artifacts v1.11.0
  [2a0f44e3] Base64 v1.11.0
  [ade2ca70] Dates v1.11.0
  [b77e0a4c] InteractiveUtils v1.11.0
  [8f399da3] Libdl v1.11.0
  [37e2e46d] LinearAlgebra v1.11.0
  [56ddb016] Logging v1.11.0
  [d6f4376e] Markdown v1.11.0
  [a63ad114] Mmap v1.11.0
  [de0858da] Printf v1.11.0
  [9a3f8284] Random v1.11.0
  [ea8e919c] SHA v0.7.0
  [9e88b42a] Serialization v1.11.0
  [fa267f1f] TOML v1.0.3
  [8dfed614] Test v1.11.0
  [cf7118a7] UUIDs v1.11.0
  [4ec0a83e] Unicode v1.11.0
  [e66e0078] CompilerSupportLibraries_jll v1.1.1+0
  [4536629a] OpenBLAS_jll v0.3.27+1
  [05823500] OpenLibm_jll v0.8.5+0
  [8e850b90] libblastrampoline_jll v5.11.0+0
        Info Packages marked with ⌅ have new versions available but compatibility constraints restrict them from upgrading.
     Testing Running tests...
Running 69 ERIEC test files in 4 isolated processes, then 4 exclusive file(s)

===== ERIEC parallel test group 1/4 (estimated 100.0s) =====
fatal: Needed a single revision
fatal: ambiguous argument '0000000000000000000000000000000000000000^{tree}': unknown revision or path not in the working tree.
Use '--' to separate paths from revisions, like this:
'git <command> [<revision>...] -- [<file>...]'
Test Summary:                | Pass  Total     Time
field coupled system adapter |  151    151  2m15.7s
Test Summary:        | Pass  Total  Time
finite open dynamics |   16     16  3.4s
Test Summary:      | Pass  Total  Time
finite audit layer |    7      7  2.2s
Test Summary:        | Pass  Total  Time
finite lineage layer |    9      9  0.4s
Test Summary:                            | Pass  Total  Time
finite theory translation and guarantees |    4      4  0.2s
Test Summary:       | Pass  Total   Time
model audit records |   88     88  44.6s
Test Summary:                                                |  Pass  Total  Time
DC predicates match direct quantifiers on all tiny encodings | 12289  12289  3.5s
Test Summary:                              | Pass  Total  Time
DC witnesses preserve the other conditions |   32     32  7.2s
Test Summary:                     | Pass  Total  Time
Sigma1 diversity resolution audit |   15     15  9.7s
Test Summary:            | Pass  Total  Time
Sigma selection contract |   23     23  1.3s
Test Summary:           | Pass  Total  Time
three-layer composition |   26     26  1.5s
Test Summary: | Pass  Total  Time
dc            |   13     13  0.5s
Test Summary:                | Pass  Total  Time
critical certification bound |    3      3  0.0s
Test Summary: | Pass  Total  Time
reachability  |    7      7  0.1s
Test Summary:       | Pass  Total  Time
update bisimulation |    2      2  0.0s
Test Summary:                     | Pass  Total  Time
G3C committed evidence validation |    8      8  6.1s
Test Summary:                         | Pass  Total  Time
G3C status-only transition validation |    2      2  1.1s
Test Summary: | Pass  Total  Time
Frozen wagers |   42     42  9.0s
Test Summary:                     | Pass  Total  Time
TemporalDC finite boundary audits |   16     16  0.6s
Test Summary:            | Pass  Total  Time
ranked relation presheaf |    2      2  0.1s
Test Summary:                | Pass  Total  Time
critical rank collapse bound |    2      2  0.1s

===== ERIEC parallel test group 2/4 (estimated 99.5s) =====
Test Summary:                                     | Pass  Total     Time
ordered reachability graded dynamics and boundary |   57     57  1m00.4s
Test Summary:                                                | Pass  Total     Time
all-four and isolated-drop suites remain background-specific |   64     64  1m15.1s
Test Summary:                              | Pass  Total   Time
circuit inputs and observational semantics | 8241   8241  33.7s
Test Summary:                                     | Pass  Total  Time
bounded measured search never overstates coverage |   16     16  4.9s
Test Summary:                                             | Pass  Total  Time
frozen measured witnesses separate all four DC conditions |   33     33  0.9s
Test Summary:                                                 | Pass  Total  Time
measured DC separation with adjunction in a common P3 context |   54     54  3.2s
Test Summary: | Pass  Total   Time
worlddc       |   56     56  17.4s
Test Summary:            | Pass  Total  Time
category update pipeline |   93     93  4.4s
Test Summary:        | Pass  Total  Time
toy recurrent system |   28     28  8.0s
FALSIFICATION-BDY-002-DEAD-SUPPORT: PASS
FALSIFICATION-BDY-002-RANDOM-PERSISTENCE: PASS
Test Summary:           | Pass  Total   Time
field to sensory bridge |   20     20  20.1s
FALSIFICATION-BDY-003-MISSING-BOUNDARY: PASS
FALSIFICATION-BDY-003-OUTSIDE-SUPPORT: PASS
FALSIFICATION-BDY-003-PROFILE-DIGEST: PASS
FALSIFICATION-BDY-003-PERIODIC-WRAP: PASS
G4-BDY-003-EDGE: (from = :PeriodicBoundaryExtraction, to = "body.periodic_boundary_extraction", relation = :lean_contract)
G4-BDY-003-EDGE: (from = "body.periodic_boundary_extraction", to = "ERIEC.FieldBridge.PeriodicBoundaryWitness", relation = :lean_dependency)
G4-BDY-003-EDGE: (from = :PeriodicBoundaryExtraction, to = "check_periodic_body_boundary", relation = :julia_checker)
Test Summary:                  | Pass  Total   Time
periodic body boundary witness |   34     34  14.9s
Test Summary:                               | Pass  Total  Time
periodic boundary independent finite oracle | 5204   5204  1.8s
FALSIFICATION-BDY-002-SIGMA-FLIP-HCONV-ONLY: PASS
FALSIFICATION-BDY-002-ALPHA-FLIP-HCONV-ONLY: PASS
FALSIFICATION-BDY-002-PROVENANCE-ONLY: PASS
FALSIFICATION-BDY-002-INDEPENDENT-DEPENDENCY: PASS
Test Summary:                                 | Pass  Total   Time
independent alpha and clamp sigma measurement |   18     18  14.6s
Test Summary:            | Pass  Total  Time
experiment visualization |   28     28  4.6s
Test Summary:              | Pass  Total  Time
official TRM Python bridge |    3      3  0.8s
Test Summary: | Pass  Total  Time
closure       |   20     20  0.4s
Test Summary:                | Pass  Total  Time
terminal and mutation guards |    4      4  0.1s
Test Summary:         | Pass  Total  Time
experiment acceptance |   18     18  0.4s
Test Summary:            | Pass  Total  Time
Lean module architecture |   11     11  0.6s
FALSIFICATION-A2-1: PASS
FALSIFICATION-A2-2: PASS
FALSIFICATION-A2-3: PASS
FALSIFICATION-A2-4: PASS
FALSIFICATION-A2-5: PASS
FALSIFICATION-A2-6: PASS
FALSIFICATION-A2-7: PASS
FALSIFICATION-A2-8: PASS
FALSIFICATION-A2-9: PASS
Test Summary:                  | Pass  Total   Time
certified envelope claim scope |   41     41  11.3s
Test Summary: | Pass  Total  Time
Richness      |    6      6  0.7s
Test Summary:      | Pass  Total  Time
functional markers |   60     60  0.0s

===== ERIEC parallel test group 3/4 (estimated 99.5s) =====
Test Summary:               | Pass  Total     Time
minimal policy and topology |  201    201  1m04.9s
Test Summary:                                                       | Pass  Total     Time
context-specific implication matrix does not promote finite absence | 2001   2001  1m21.2s
Test Summary:                                                  | Pass  Total   Time
finite countermodels are evidence and absence is not a theorem |   25     25  40.6s
Test Summary:                                               | Pass  Total  Time
self-contained audit viewer preserves the measured evidence |   63     63  4.0s
Test Summary:           | Pass  Total  Time
observation artifact v1 |   32     32  8.0s
Test Summary:                                                 | Pass  Total   Time
observed support is not silently replaced by greatest closure |   38     38  23.2s
Test Summary:                                 | Pass  Total   Time
persistent claims retain context and evidence |   26     26  15.9s
Test Summary:                   | Pass  Total  Time
benchmarks collapse and reports |   40     40  8.4s
Test Summary:             | Pass  Total  Time
Sigma1 individual adapter |   31     31  6.0s
Test Summary: | Pass  Total  Time
value         |   25     25  1.3s
Test Summary:                 | Pass  Total  Time
finite relation linearization |   14     14  3.5s
Test Summary:               | Pass  Total  Time
bridge functor obstructions |  143    143  1.3s
Test Summary:                               | Pass  Total  Time
test discovery is checked before scheduling |    6      6  0.4s
Test Summary: | Pass  Total  Time
consume       |    4      4  0.1s
Test Summary:    | Pass  Total  Time
critical slowing |   11     11  0.2s
Test Summary:          | Pass  Total  Time
claim ledger integrity | 1021   1021  1.7s
Test Summary:                                   | Pass  Total  Time
claim validator enforces legacy coverage audits |  100    100  3.1s
Test Summary:            | Pass  Total   Time
v1 ledger coverage audit |  403    403  10.1s
Test Summary:              | Pass  Total  Time
generation boundary audits |   52     52  5.0s
Test Summary:                | Pass  Total  Time
umwelt comparison and series |    4      4  0.6s

===== ERIEC parallel test group 4/4 (estimated 99.5s) =====
Test Summary:               | Pass  Total     Time
Lenia experiment management |  138    138  2m47.5s
Test Summary: | Pass  Total   Time
body          |   33     33  29.9s
Test Summary:                                                        | Pass  Total     Time
checked experimental constraints remain distinct from finite absence |   46     46  1m10.2s
Test Summary:                                               | Pass  Total   Time
adjunction is an explicit background, not a hidden DC field |   38     38  26.3s
Test Summary: | Pass  Total  Time
world         |   47     47  3.5s
Test Summary:       | Pass  Total   Time
Lean Julia contract | 1317   1317  14.2s
Test Summary:                             | Pass  Total   Time
physical symmetries and candidate closure |  533    533  20.8s
Test Summary: | Pass  Total  Time
sensitivity   |    6      6  1.0s
Test Summary:  | Pass  Total  Time
system adapter |   13     13  2.2s
Test Summary: | Pass  Total  Time
checkpoints   |   17     17  1.2s
Test Summary: | Pass  Total  Time
adjunction    |   13     13  0.5s
Test Summary:        | Pass  Total  Time
weighted sensitivity |    6      6  0.3s
Test Summary:                | Pass  Total  Time
viability closure object map |   74     74  3.0s
Test Summary: | Pass  Total  Time
hinge         |   11     11  0.2s
Test Summary:       | Pass  Total  Time
observation summary |    8      8  0.0s
Test Summary:   | Pass  Total  Time
finite dynamics |   21     21  2.1s
Test Summary:            | Pass  Total  Time
packet review validation |   21     21  1.3s
Test Summary:    | Pass  Total  Time
reference models |   35     35  4.8s
Test Summary:                            | Pass  Total  Time
order-11 closed large-reference decoders |   23     23  7.1s
Test Summary:             | Pass  Total  Time
loss-aware branch novelty |   28     28  3.3s
Test Summary:     | Pass  Total  Time
copair uniqueness |    2      2  0.0s

===== ERIEC exclusive test group 1/1 (estimated 114.0s) =====
Test Summary:             | Pass  Total   Time
checker semantic manifest |   93     93  38.8s
Test Summary:                                   | Pass  Total  Time
M4 model schema and canonical fingerprint input |   27     27  3.5s
Test Summary:        | Pass  Total   Time
model evaluation CLI |   50     50  55.4s
Test Summary:                                    | Pass  Total   Time
append-only model evaluation execution and audit |  119    119  37.8s
Test Summary:                         | Pass  Total  Time
v5.2 Lean formal statement smoke test |   37     37  6.6s
Test Summary:    | Pass  Total     Time
Lenia report CLI |   75     75  3m10.9s
Test Summary:             | Pass  Total   Time
TRM neural experiment CLI |   40     40  27.1s
     Testing ERIEC tests passed 
