┌ Warning: The project dependencies or compat requirements have changed since the manifest was last resolved.
│ It is recommended to `Pkg.resolve()` or consider `Pkg.update()` if necessary.
└ @ Pkg.API /usr/local/Cellar/julia/1.11.6/share/julia/stdlib/v1.11/Pkg/src/API.jl:1206
     Testing ERIEC
      Status `/private/var/folders/82/qvmvqs01469ck832bd6f4k280000gn/T/jl_IVzSEu/Project.toml`
  [f6f58f5d] ERIEC v0.1.0 `/private/tmp/erie-branch-g3.frNqWS/repo`
  [f6369f11] ForwardDiff v1.4.1
  [0f8b85d8] JSON3 v1.14.3
  [37e2e46d] LinearAlgebra v1.11.0
  [9a3f8284] Random v1.11.0
  [ea8e919c] SHA v0.7.0
  [fa267f1f] TOML v1.0.3
  [8dfed614] Test v1.11.0
      Status `/private/var/folders/82/qvmvqs01469ck832bd6f4k280000gn/T/jl_IVzSEu/Manifest.toml`
  [bbf7d656] CommonSubexpressions v0.3.1
  [163ba53b] DiffResults v1.1.0
  [b552c78f] DiffRules v1.16.0
  [ffbed154] DocStringExtensions v0.9.5
  [f6f58f5d] ERIEC v0.1.0 `/private/tmp/erie-branch-g3.frNqWS/repo`
  [f6369f11] ForwardDiff v1.4.1
  [92d709cd] IrrationalConstants v0.2.6
  [692b3bcd] JLLWrappers v1.8.0
  [0f8b85d8] JSON3 v1.14.3
  [2ab3a3ac] LogExpFunctions v1.0.1
  [1914dd2f] MacroTools v0.5.16
  [77ba4419] NaNMath v1.1.4
  [69de0a69] Parsers v2.8.6
⌅ [aea7be01] PrecompileTools v1.2.1
  [21216c6a] Preferences v1.5.2
  [276daf66] SpecialFunctions v2.8.0
  [1e83bf80] StaticArraysCore v1.4.4
  [856f2bd8] StructTypes v1.11.0
  [efe28fd5] OpenSpecFun_jll v0.5.6+0
  [56f22d72] Artifacts v1.11.0
  [2a0f44e3] Base64 v1.11.0
  [ade2ca70] Dates v1.11.0
  [b77e0a4c] InteractiveUtils v1.11.0
  [8f399da3] Libdl v1.11.0
  [37e2e46d] LinearAlgebra v1.11.0
  [56ddb016] Logging v1.11.0
  [d6f4376e] Markdown v1.11.0
  [a63ad114] Mmap v1.11.0
  [de0858da] Printf v1.11.0
  [9a3f8284] Random v1.11.0
  [ea8e919c] SHA v0.7.0
  [9e88b42a] Serialization v1.11.0
  [fa267f1f] TOML v1.0.3
  [8dfed614] Test v1.11.0
  [cf7118a7] UUIDs v1.11.0
  [4ec0a83e] Unicode v1.11.0
  [e66e0078] CompilerSupportLibraries_jll v1.1.1+0
  [4536629a] OpenBLAS_jll v0.3.27+1
  [05823500] OpenLibm_jll v0.8.5+0
  [8e850b90] libblastrampoline_jll v5.11.0+0
        Info Packages marked with ⌅ have new versions available but compatibility constraints restrict them from upgrading.
Precompiling project for configuration --code-coverage=none --color=auto --check-bounds=yes --warn-overwrite=yes --depwarn=yes --inline=yes --startup-file=no --track-allocation=none...
   7978.7 ms  ✓ ERIEC
  1 dependency successfully precompiled in 8 seconds. 32 already precompiled.
     Testing Running tests...
ERROR: LoadError: ERIEC test groups failed: 1, 2, 3, 4
Stacktrace:
 [1] run_parallel_test_groups(groups::Vector{Vector{String}}, estimated_loads::Vector{Float64}; phase::String)
   @ Main /private/tmp/erie-branch-g3.frNqWS/repo/test/parallel_test_runner.jl:48
 [2] run_parallel_test_groups
   @ /private/tmp/erie-branch-g3.frNqWS/repo/test/parallel_test_runner.jl:20 [inlined]
 [3] run_eriec_tests()
   @ Main /private/tmp/erie-branch-g3.frNqWS/repo/test/parallel_test_runner.jl:71
 [4] top-level scope
   @ /private/tmp/erie-branch-g3.frNqWS/repo/test/runtests.jl:3
 [5] include(fname::String)
   @ Main ./sysimg.jl:38
 [6] top-level scope
   @ none:6
in expression starting at /private/tmp/erie-branch-g3.frNqWS/repo/test/runtests.jl:3
Running 54 ERIEC test files in 4 isolated processes, then 4 exclusive file(s)

===== ERIEC parallel test group 1/4 (estimated 84.0s) =====
error: proof_carrying_intersubjectivity: package directory not found: /private/tmp/erie-branch-g3.frNqWS/repo/../proof-carrying-intersubjectivity
ERROR: LoadError: Some tests did not pass: 71 passed, 0 failed, 1 errored, 0 broken.
in expression starting at /private/tmp/erie-branch-g3.frNqWS/repo/test/test_field_system.jl:3
in expression starting at /private/tmp/erie-branch-g3.frNqWS/repo/test/parallel_test_worker.jl:6
field coupled system adapter: Error During Test at /private/tmp/erie-branch-g3.frNqWS/repo/test/test_field_system.jl:3
  Got exception outside of a @test
  failed process: Process(`lake env lean --run formal/ERIEC/CertifiedArtifact.lean`, ProcessExited(1)) [1]
  
  Stacktrace:
    [1] pipeline_error
      @ ./process.jl:598 [inlined]
    [2] read(cmd::Cmd)
      @ Base ./process.jl:482
    [3] read
      @ ./process.jl:491 [inlined]
    [4] (::ERIEC.var"#1088#1089")()
      @ ERIEC /private/tmp/erie-branch-g3.frNqWS/repo/src/certification.jl:483
    [5] cd(f::ERIEC.var"#1088#1089", dir::String)
      @ Base.Filesystem ./file.jl:112
    [6] #lean_certified_artifact#1087
      @ /private/tmp/erie-branch-g3.frNqWS/repo/src/certification.jl:482 [inlined]
    [7] lean_certified_artifact
      @ /private/tmp/erie-branch-g3.frNqWS/repo/src/certification.jl:481 [inlined]
    [8] #verify_lean_certified_artifact#1090
      @ /private/tmp/erie-branch-g3.frNqWS/repo/src/certification.jl:492 [inlined]
    [9] verify_lean_certified_artifact()
      @ ERIEC /private/tmp/erie-branch-g3.frNqWS/repo/src/certification.jl:488
   [10] macro expansion
      @ /private/tmp/erie-branch-g3.frNqWS/repo/test/test_field_system.jl:179 [inlined]
   [11] macro expansion
      @ /usr/local/Cellar/julia/1.11.6/share/julia/stdlib/v1.11/Test/src/Test.jl:1709 [inlined]
   [12] top-level scope
      @ /private/tmp/erie-branch-g3.frNqWS/repo/test/test_field_system.jl:4
   [13] include
      @ ./sysimg.jl:38 [inlined]
   [14] top-level scope
      @ /private/tmp/erie-branch-g3.frNqWS/repo/test/parallel_test_worker.jl:7
Test Summary:                | Pass  Error  Total     Time
field coupled system adapter |   71      1     72  2m06.8s

===== ERIEC parallel test group 2/4 (estimated 71.5s) =====
error: proof_carrying_intersubjectivity: package directory not found: /private/tmp/erie-branch-g3.frNqWS/repo/../proof-carrying-intersubjectivity
ERROR: LoadError: Some tests did not pass: 28 passed, 0 failed, 1 errored, 0 broken.
in expression starting at /private/tmp/erie-branch-g3.frNqWS/repo/test/test_orderreach_graded.jl:1
in expression starting at /private/tmp/erie-branch-g3.frNqWS/repo/test/parallel_test_worker.jl:6
ordered reachability graded dynamics and boundary: Error During Test at /private/tmp/erie-branch-g3.frNqWS/repo/test/test_orderreach_graded.jl:1
  Got exception outside of a @test
  failed process: Process(`lake env lean --run formal/ERIEC/CertifiedArtifact.lean`, ProcessExited(1)) [1]
  
  Stacktrace:
    [1] pipeline_error
      @ ./process.jl:598 [inlined]
    [2] read(cmd::Cmd)
      @ Base ./process.jl:482
    [3] read
      @ ./process.jl:491 [inlined]
    [4] (::ERIEC.var"#1088#1089")()
      @ ERIEC /private/tmp/erie-branch-g3.frNqWS/repo/src/certification.jl:483
    [5] cd(f::ERIEC.var"#1088#1089", dir::String)
      @ Base.Filesystem ./file.jl:112
    [6] #lean_certified_artifact#1087
      @ /private/tmp/erie-branch-g3.frNqWS/repo/src/certification.jl:482 [inlined]
    [7] lean_certified_artifact
      @ /private/tmp/erie-branch-g3.frNqWS/repo/src/certification.jl:481 [inlined]
    [8] #verify_lean_certified_artifact#1090
      @ /private/tmp/erie-branch-g3.frNqWS/repo/src/certification.jl:492 [inlined]
    [9] verify_lean_certified_artifact()
      @ ERIEC /private/tmp/erie-branch-g3.frNqWS/repo/src/certification.jl:488
   [10] macro expansion
      @ /private/tmp/erie-branch-g3.frNqWS/repo/test/test_orderreach_graded.jl:128 [inlined]
   [11] macro expansion
      @ /usr/local/Cellar/julia/1.11.6/share/julia/stdlib/v1.11/Test/src/Test.jl:1709 [inlined]
   [12] top-level scope
      @ /private/tmp/erie-branch-g3.frNqWS/repo/test/test_orderreach_graded.jl:2
   [13] include
      @ ./sysimg.jl:38 [inlined]
   [14] top-level scope
      @ /private/tmp/erie-branch-g3.frNqWS/repo/test/parallel_test_worker.jl:7
Test Summary:                                     | Pass  Error  Total   Time
ordered reachability graded dynamics and boundary |   28      1     29  28.8s

===== ERIEC parallel test group 3/4 (estimated 71.0s) =====
error: proof_carrying_intersubjectivity: package directory not found: /private/tmp/erie-branch-g3.frNqWS/repo/../proof-carrying-intersubjectivity
ERROR: LoadError: Some tests did not pass: 1217 passed, 0 failed, 1 errored, 0 broken.
in expression starting at /private/tmp/erie-branch-g3.frNqWS/repo/test/test_formal_julia_contract.jl:1
in expression starting at /private/tmp/erie-branch-g3.frNqWS/repo/test/parallel_test_worker.jl:6
Test Summary:               | Pass  Total     Time
minimal policy and topology |  201    201  1m30.4s
Test Summary: | Pass  Total  Time
world         |   47     47  7.7s
Lean Julia contract: Error During Test at /private/tmp/erie-branch-g3.frNqWS/repo/test/test_formal_julia_contract.jl:1
  Got exception outside of a @test
  failed process: Process(`lake env lean --run formal/ERIEC/CertifiedArtifact.lean`, ProcessExited(1)) [1]
  
  Stacktrace:
    [1] pipeline_error
      @ ./process.jl:598 [inlined]
    [2] read(cmd::Cmd)
      @ Base ./process.jl:482
    [3] read
      @ ./process.jl:491 [inlined]
    [4] (::var"#20#44")()
      @ Main /private/tmp/erie-branch-g3.frNqWS/repo/test/test_formal_julia_contract.jl:1147
    [5] cd(f::var"#20#44", dir::String)
      @ Base.Filesystem ./file.jl:112
    [6] macro expansion
      @ /private/tmp/erie-branch-g3.frNqWS/repo/test/test_formal_julia_contract.jl:1146 [inlined]
    [7] macro expansion
      @ /usr/local/Cellar/julia/1.11.6/share/julia/stdlib/v1.11/Test/src/Test.jl:1709 [inlined]
    [8] top-level scope
      @ /private/tmp/erie-branch-g3.frNqWS/repo/test/test_formal_julia_contract.jl:2
    [9] include
      @ ./sysimg.jl:38 [inlined]
   [10] top-level scope
      @ /private/tmp/erie-branch-g3.frNqWS/repo/test/parallel_test_worker.jl:7
Test Summary:       | Pass  Error  Total   Time
Lean Julia contract | 1217      1   1218  14.7s

===== ERIEC parallel test group 4/4 (estimated 71.0s) =====
error: proof_carrying_intersubjectivity: package directory not found: /private/tmp/erie-branch-g3.frNqWS/repo/../proof-carrying-intersubjectivity
ERROR: LoadError: Some tests did not pass: 36 passed, 0 failed, 1 errored, 0 broken.
in expression starting at /private/tmp/erie-branch-g3.frNqWS/repo/test/test_lenia_experiments.jl:1
in expression starting at /private/tmp/erie-branch-g3.frNqWS/repo/test/parallel_test_worker.jl:6
Lenia experiment management: Error During Test at /private/tmp/erie-branch-g3.frNqWS/repo/test/test_lenia_experiments.jl:1
  Got exception outside of a @test
  failed process: Process(`lake env lean --run formal/ERIEC/CertifiedArtifact.lean`, ProcessExited(1)) [1]
  
  Stacktrace:
    [1] pipeline_error
      @ ./process.jl:598 [inlined]
    [2] read(cmd::Cmd)
      @ Base ./process.jl:482
    [3] read
      @ ./process.jl:491 [inlined]
    [4] (::ERIEC.var"#1088#1089")()
      @ ERIEC /private/tmp/erie-branch-g3.frNqWS/repo/src/certification.jl:483
    [5] cd(f::ERIEC.var"#1088#1089", dir::String)
      @ Base.Filesystem ./file.jl:112
    [6] #lean_certified_artifact#1087
      @ /private/tmp/erie-branch-g3.frNqWS/repo/src/certification.jl:482 [inlined]
    [7] lean_certified_artifact
      @ /private/tmp/erie-branch-g3.frNqWS/repo/src/certification.jl:481 [inlined]
    [8] #verify_lean_certified_artifact#1090
      @ /private/tmp/erie-branch-g3.frNqWS/repo/src/certification.jl:492 [inlined]
    [9] verify_lean_certified_artifact()
      @ ERIEC /private/tmp/erie-branch-g3.frNqWS/repo/src/certification.jl:488
   [10] macro expansion
      @ /private/tmp/erie-branch-g3.frNqWS/repo/test/test_lenia_experiments.jl:76 [inlined]
   [11] macro expansion
      @ /usr/local/Cellar/julia/1.11.6/share/julia/stdlib/v1.11/Test/src/Test.jl:1709 [inlined]
   [12] top-level scope
      @ /private/tmp/erie-branch-g3.frNqWS/repo/test/test_lenia_experiments.jl:2
   [13] include
      @ ./sysimg.jl:38 [inlined]
   [14] top-level scope
      @ /private/tmp/erie-branch-g3.frNqWS/repo/test/parallel_test_worker.jl:7
Test Summary:               | Pass  Error  Total   Time
Lenia experiment management |   36      1     37  11.1s
ERROR: Package ERIEC errored during testing
Stacktrace:
 [1] pkgerror(msg::String)
   @ Pkg.Types /usr/local/Cellar/julia/1.11.6/share/julia/stdlib/v1.11/Pkg/src/Types.jl:68
 [2] test(ctx::Pkg.Types.Context, pkgs::Vector{Pkg.Types.PackageSpec}; coverage::Bool, julia_args::Cmd, test_args::Cmd, test_fn::Nothing, force_latest_compatible_version::Bool, allow_earlier_backwards_compatible_versions::Bool, allow_reresolve::Bool)
   @ Pkg.Operations /usr/local/Cellar/julia/1.11.6/share/julia/stdlib/v1.11/Pkg/src/Operations.jl:2128
 [3] test
   @ /usr/local/Cellar/julia/1.11.6/share/julia/stdlib/v1.11/Pkg/src/Operations.jl:2011 [inlined]
 [4] test(ctx::Pkg.Types.Context, pkgs::Vector{Pkg.Types.PackageSpec}; coverage::Bool, test_fn::Nothing, julia_args::Cmd, test_args::Cmd, force_latest_compatible_version::Bool, allow_earlier_backwards_compatible_versions::Bool, allow_reresolve::Bool, kwargs::@Kwargs{io::IOContext{IO}})
   @ Pkg.API /usr/local/Cellar/julia/1.11.6/share/julia/stdlib/v1.11/Pkg/src/API.jl:481
 [5] test(pkgs::Vector{Pkg.Types.PackageSpec}; io::IOContext{IO}, kwargs::@Kwargs{})
   @ Pkg.API /usr/local/Cellar/julia/1.11.6/share/julia/stdlib/v1.11/Pkg/src/API.jl:159
 [6] test(pkgs::Vector{Pkg.Types.PackageSpec})
   @ Pkg.API /usr/local/Cellar/julia/1.11.6/share/julia/stdlib/v1.11/Pkg/src/API.jl:148
 [7] test(; name::Nothing, uuid::Nothing, version::Nothing, url::Nothing, rev::Nothing, path::Nothing, mode::Pkg.Types.PackageMode, subdir::Nothing, kwargs::@Kwargs{})
   @ Pkg.API /usr/local/Cellar/julia/1.11.6/share/julia/stdlib/v1.11/Pkg/src/API.jl:174
 [8] test()
   @ Pkg.API /usr/local/Cellar/julia/1.11.6/share/julia/stdlib/v1.11/Pkg/src/API.jl:165
 [9] top-level scope
   @ none:1
