Precompiling ERIEC...
   7808.2 ms  ✓ ERIEC
  1 dependency successfully precompiled in 8 seconds. 26 already precompiled.
ERROR: LoadError: Some tests did not pass: 1 passed, 1 failed, 1 errored, 0 broken.
in expression starting at /Users/yamaguchimitsuyuki/bridge-protocol/test/test_branch_novelty.jl:4
loss-aware branch novelty: Test Failed at /Users/yamaguchimitsuyuki/bridge-protocol/test/test_branch_novelty.jl:21
  Expression: all(check_branch_observation, observations)

Stacktrace:
 [1] macro expansion
   @ /usr/local/Cellar/julia/1.11.6/share/julia/stdlib/v1.11/Test/src/Test.jl:680 [inlined]
 [2] macro expansion
   @ ~/bridge-protocol/test/test_branch_novelty.jl:21 [inlined]
 [3] macro expansion
   @ /usr/local/Cellar/julia/1.11.6/share/julia/stdlib/v1.11/Test/src/Test.jl:1709 [inlined]
 [4] top-level scope
   @ ~/bridge-protocol/test/test_branch_novelty.jl:5
loss-aware branch novelty: Error During Test at /Users/yamaguchimitsuyuki/bridge-protocol/test/test_branch_novelty.jl:4
  Got exception outside of a @test
  ArgumentError: every observation must satisfy finite hConv
  Stacktrace:
   [1] finite_branch_score(observations::Vector{FiniteBranchObservation{Symbol, Symbol, var"#2#15"{Dict{Symbol, Vector{Symbol}}}, var"#3#16"{Dict{Symbol, Vector{Symbol}}}}}, identity::FiniteEnvironmentIdentity{var"#6#19"})
     @ ERIEC ~/bridge-protocol/src/branch_novelty.jl:115
   [2] macro expansion
     @ ~/bridge-protocol/test/test_branch_novelty.jl:23 [inlined]
   [3] macro expansion
     @ /usr/local/Cellar/julia/1.11.6/share/julia/stdlib/v1.11/Test/src/Test.jl:1709 [inlined]
   [4] top-level scope
     @ ~/bridge-protocol/test/test_branch_novelty.jl:5
   [5] include(fname::String)
     @ Main ./sysimg.jl:38
   [6] top-level scope
     @ none:1
Test Summary:             | Pass  Fail  Error  Total  Time
loss-aware branch novelty |    1     1      1      3  5.0s
