⚠ [2725/2808] Replayed ERIEC.Wager.Independence
warning: formal/ERIEC/Wager/Independence.lean:52:2: Try `simp at hmem` instead of `simpa using hmem`

Note: This linter can be disabled with `set_option linter.unnecessarySimpa false`
✔ [2762/2808] Built ERIEC.Hinge (7.2s)
✔ [2763/2808] Built ERIEC.Collapse (3.2s)
✔ [2764/2808] Built ERIEC.DC (3.5s)
✔ [2765/2808] Built ERIEC.Invariance.Basic (3.7s)
✔ [2766/2808] Built ERIEC.Richness (3.3s)
✔ [2767/2808] Built ERIEC.Invariance.Lemmas (3.4s)
⚠ [2768/2808] Built ERIEC.Gap (3.4s)
warning: formal/ERIEC/Gap.lean:93:27: Try `simp at h` instead of `simpa using h`

Note: This linter can be disabled with `set_option linter.unnecessarySimpa false`
warning: formal/ERIEC/Gap.lean:113:6: Try `simp at haSig` instead of `simpa using haSig`

Note: This linter can be disabled with `set_option linter.unnecessarySimpa false`
warning: formal/ERIEC/Gap.lean:144:8: try 'simp' instead of 'simpa'

Note: This linter can be disabled with `set_option linter.unnecessarySimpa false`
warning: formal/ERIEC/Gap.lean:200:2: Try `simp at hnonempty` instead of `simpa using hnonempty`

Note: This linter can be disabled with `set_option linter.unnecessarySimpa false`
warning: formal/ERIEC/Gap.lean:231:2: Try `simp at hnonempty` instead of `simpa using hnonempty`

Note: This linter can be disabled with `set_option linter.unnecessarySimpa false`
warning: formal/ERIEC/Gap.lean:244:6: try 'simp' instead of 'simpa'

Note: This linter can be disabled with `set_option linter.unnecessarySimpa false`
warning: formal/ERIEC/Gap.lean:269:31: Try `simp at h` instead of `simpa using h`

Note: This linter can be disabled with `set_option linter.unnecessarySimpa false`
warning: formal/ERIEC/Gap.lean:293:31: Try `simp at h` instead of `simpa using h`

Note: This linter can be disabled with `set_option linter.unnecessarySimpa false`
✔ [2769/2808] Built ERIEC.Invariance.Static (3.4s)
✔ [2770/2808] Built ERIEC.Dynamics (9.5s)
✔ [2771/2808] Built ERIEC.KernelOpen (3.6s)
✔ [2772/2808] Built ERIEC.Invariance.Dynamic (5.7s)
⚠ [2773/2808] Built ERIEC.NonDegenerateRecur (6.1s)
warning: formal/ERIEC/NonDegenerateRecur.lean:77:8: This simp argument is unused:
  Dynamics.DynFrame.conf

Hint: Omit it from the simp argument list.
  simp [stepInt, stateCore, stateEpsilon, phi, theta, drift, D̵y̵n̵a̵m̵i̵c̵s̵.̵D̵y̵n̵F̵r̵a̵m̵e̵.̵c̵o̵n̵f̵,̵ ̵Dynamics.upd] at h ⊢

Note: This linter can be disabled with `set_option linter.unusedSimpArgs false`
✔ [2774/2808] Built ERIEC.Decay (6.1s)
✔ [2775/2808] Built ERIEC.Generation (15s)
⚠ [2776/2808] Built ERIEC.BridgeFunctor (22s)
warning: formal/ERIEC/BridgeFunctor.lean:41:10: This simp argument is unused:
  HingeWitness

Hint: Omit it from the simp argument list.
  simp [H̵i̵n̵g̵e̵W̵i̵t̵n̵e̵s̵s̵,̵ ̵Closure.rho_star, Adj.sigma_star, rhoFull, sigmaRel, carrier]

Note: This linter can be disabled with `set_option linter.unusedSimpArgs false`
warning: formal/ERIEC/BridgeFunctor.lean:75:10: This simp argument is unused:
  HingeWitness

Hint: Omit it from the simp argument list.
  simp [̵H̵i̵n̵g̵e̵W̵i̵t̵n̵e̵s̵s̵,̵ ̵C̵l̵o̵s̵u̵r̵e̵.̵r̵h̵o̵_̵s̵t̵a̵r̵,̵[̲C̲l̲o̲s̲u̲r̲e̲.̲r̲h̲o̲_̲s̲t̲a̲r̲,̲ Adj.sigma_star, rhoRel, sigmaRel, kappa, epsilon]

Note: This linter can be disabled with `set_option linter.unusedSimpArgs false`
warning: formal/ERIEC/BridgeFunctor.lean:115:6: Try `simp at hx` instead of `simpa using hx`

Note: This linter can be disabled with `set_option linter.unnecessarySimpa false`
⚠ [2777/2808] Built ERIEC.WorldDC (19s)
warning: formal/ERIEC/WorldDC.lean:117:7: Variable name `dc` is not explicitly referenced.

The binding can be removed (if unused) or named `_` (if used implicitly).

Note: This linter can be disabled with `set_option linter.unusedVariables false`
✔ [2778/2808] Built ERIEC.Invariance (6.4s)
⚠ [2779/2808] Built ERIEC.ViabilityClosure (29s)
warning: formal/ERIEC/ViabilityClosure.lean:326:22: Used `tac1 <;> tac2` where `(tac1; tac2)` would suffice

Note: This linter can be disabled with `set_option linter.unnecessarySeqFocus false`
warning: formal/ERIEC/ViabilityClosure.lean:327:22: Used `tac1 <;> tac2` where `(tac1; tac2)` would suffice

Note: This linter can be disabled with `set_option linter.unnecessarySeqFocus false`
warning: formal/ERIEC/ViabilityClosure.lean:328:24: Used `tac1 <;> tac2` where `(tac1; tac2)` would suffice

Note: This linter can be disabled with `set_option linter.unnecessarySeqFocus false`
✔ [2780/2808] Built ERIEC.WorldDCRep (7.4s)
✔ [2781/2808] Built ERIEC.StructuralHinge (8.8s)
✔ [2782/2808] Built ERIEC.Centering (8.7s)
✔ [2783/2808] Built ERIEC.LayerComposition (6.3s)
⚠ [2784/2808] Built ERIEC.Value (7.1s)
warning: formal/ERIEC/Value.lean:342:4: try 'simp' instead of 'simpa'

Note: This linter can be disabled with `set_option linter.unnecessarySimpa false`
warning: formal/ERIEC/Value.lean:343:4: try 'simp' instead of 'simpa'

Note: This linter can be disabled with `set_option linter.unnecessarySimpa false`
warning: formal/ERIEC/Value.lean:345:4: Try `simp at he` instead of `simpa using he`

Note: This linter can be disabled with `set_option linter.unnecessarySimpa false`
warning: formal/ERIEC/Value.lean:356:2: try 'simp' instead of 'simpa'

Note: This linter can be disabled with `set_option linter.unnecessarySimpa false`
warning: formal/ERIEC/Value.lean:382:14: try 'simp' instead of 'simpa'

Note: This linter can be disabled with `set_option linter.unnecessarySimpa false`
✔ [2785/2808] Built ERIEC.Markers (7.9s)
✔ [2786/2808] Built ERIEC.RefModel.Stable (6.1s)
✔ [2787/2808] Built ERIEC.AnalyticFM4 (10s)
✔ [2788/2808] Built ERIEC.RefModel.Dynamic (6.5s)
✔ [2789/2808] Built ERIEC.RefModel.Nondegenerate (5.6s)
✔ [2790/2808] Built ERIECPCI.Nondegenerate.Basic (5.8s)
✔ [2791/2808] Built ERIEC.RefModel.Richness (6.2s)
⚠ [2792/2808] Built ERIEC.RefModelV52 (13s)
warning: formal/ERIEC/RefModelV52.lean:357:10: This simp argument is unused:
  Invariance.StaticFrame.DCAt

Hint: Omit it from the simp argument list.
  simp [̵I̵n̵v̵a̵r̵i̵a̵n̵c̵e̵.̵S̵t̵a̵t̵i̵c̵F̵r̵a̵m̵e̵.̵D̵C̵A̵t̵,̵ ̵m̵i̵n̵i̵m̵a̵l̵S̵t̵a̵t̵i̵c̵F̵r̵a̵m̵e̵,̵[̲m̲i̲n̲i̲m̲a̲l̲S̲t̲a̲t̲i̲c̲F̲r̲a̲m̲e̲,̲ Closure.Phi, Closure.pi_star, Closure.rho_star]

Note: This linter can be disabled with `set_option linter.unusedSimpArgs false`
warning: formal/ERIEC/RefModelV52.lean:361:10: This simp argument is unused:
  Invariance.StaticFrame.DCAt

Hint: Omit it from the simp argument list.
  simp [̵I̵n̵v̵a̵r̵i̵a̵n̵c̵e̵.̵S̵t̵a̵t̵i̵c̵F̵r̵a̵m̵e̵.̵D̵C̵A̵t̵,̵ ̵m̵i̵n̵i̵m̵a̵l̵S̵t̵a̵t̵i̵c̵F̵r̵a̵m̵e̵,̵[̲m̲i̲n̲i̲m̲a̲l̲S̲t̲a̲t̲i̲c̲F̲r̲a̲m̲e̲,̲ Hinge.T_prime, Adj.alpha_star, Adj.sigma_star]

Note: This linter can be disabled with `set_option linter.unusedSimpArgs false`
warning: formal/ERIEC/RefModelV52.lean:372:2: Try `simp at hphi` instead of `simpa using hphi`

Note: This linter can be disabled with `set_option linter.unnecessarySimpa false`
warning: formal/ERIEC/RefModelV52.lean:378:10: This simp argument is unused:
  Invariance.StaticFrame.DCAt

Hint: Omit it from the simp argument list.
  simp [̵I̵n̵v̵a̵r̵i̵a̵n̵c̵e̵.̵S̵t̵a̵t̵i̵c̵F̵r̵a̵m̵e̵.̵D̵C̵A̵t̵,̵ ̵d̵o̵u̵b̵l̵e̵S̵t̵a̵t̵i̵c̵F̵r̵a̵m̵e̵,̵[̲d̲o̲u̲b̲l̲e̲S̲t̲a̲t̲i̲c̲F̲r̲a̲m̲e̲,̲ Closure.Phi, Closure.pi_star, Closure.rho_star]

Note: This linter can be disabled with `set_option linter.unusedSimpArgs false`
warning: formal/ERIEC/RefModelV52.lean:382:10: This simp argument is unused:
  Invariance.StaticFrame.DCAt

Hint: Omit it from the simp argument list.
  simp [̵I̵n̵v̵a̵r̵i̵a̵n̵c̵e̵.̵S̵t̵a̵t̵i̵c̵F̵r̵a̵m̵e̵.̵D̵C̵A̵t̵,̵ ̵d̵o̵u̵b̵l̵e̵S̵t̵a̵t̵i̵c̵F̵r̵a̵m̵e̵,̵[̲d̲o̲u̲b̲l̲e̲S̲t̲a̲t̲i̲c̲F̲r̲a̲m̲e̲,̲ Hinge.T_prime, Adj.alpha_star, Adj.sigma_star]

Note: This linter can be disabled with `set_option linter.unusedSimpArgs false`
warning: formal/ERIEC/RefModelV52.lean:393:2: Try `simp at hphi` instead of `simpa using hphi`

Note: This linter can be disabled with `set_option linter.unnecessarySimpa false`
warning: formal/ERIEC/RefModelV52.lean:473:10: This simp argument is unused:
  Gap.GapUp

Hint: Omit it from the simp argument list.
  simp [G̵a̵p̵.̵G̵a̵p̵U̵p̵,̵ ̵Adj.sigma_star, sigmaRel]

Note: This linter can be disabled with `set_option linter.unusedSimpArgs false`
warning: formal/ERIEC/RefModelV52.lean:474:10: This simp argument is unused:
  Gap.GapUp

Hint: Omit it from the simp argument list.
  simp [G̵a̵p̵.̵G̵a̵p̵U̵p̵,̵ ̵Adj.sigma_star_induced, alphaRel]

Note: This linter can be disabled with `set_option linter.unusedSimpArgs false`
warning: formal/ERIEC/RefModelV52.lean:709:10: This simp argument is unused:
  StaticFrame.DCAt

Hint: Omit it from the simp argument list.
  simp [S̵t̵a̵t̵i̵c̵F̵r̵a̵m̵e̵.̵D̵C̵A̵t̵,̵ ̵frame, Closure.Phi, Closure.pi_star, Closure.rho_star]

Note: This linter can be disabled with `set_option linter.unusedSimpArgs false`
warning: formal/ERIEC/RefModelV52.lean:712:10: This simp argument is unused:
  StaticFrame.DCAt

Hint: Omit it from the simp argument list.
  simp [S̵t̵a̵t̵i̵c̵F̵r̵a̵m̵e̵.̵D̵C̵A̵t̵,̵ ̵frame, Hinge.T_prime, Adj.alpha_star, Adj.sigma_star]

Note: This linter can be disabled with `set_option linter.unusedSimpArgs false`
warning: formal/ERIEC/RefModelV52.lean:731:2: Try `simp at hphi` instead of `simpa using hphi`

Note: This linter can be disabled with `set_option linter.unnecessarySimpa false`
warning: formal/ERIEC/RefModelV52.lean:871:6: try 'simp' instead of 'simpa'

Note: This linter can be disabled with `set_option linter.unnecessarySimpa false`
warning: formal/ERIEC/RefModelV52.lean:875:6: try 'simp' instead of 'simpa'

Note: This linter can be disabled with `set_option linter.unnecessarySimpa false`
warning: formal/ERIEC/RefModelV52.lean:959:6: try 'simp' instead of 'simpa'

Note: This linter can be disabled with `set_option linter.unnecessarySimpa false`
warning: formal/ERIEC/RefModelV52.lean:963:6: try 'simp' instead of 'simpa'

Note: This linter can be disabled with `set_option linter.unnecessarySimpa false`
warning: formal/ERIEC/RefModelV52.lean:1051:4: 'change markerStateEquiv (markerCollapseNext 0) = markerStateEquiv 1' tactic does nothing

Note: This linter can be disabled with `set_option linter.unusedTactic false`
warning: formal/ERIEC/RefModelV52.lean:1056:4: 'change markerStateEquiv (markerCollapseNext 1) = markerStateEquiv 2' tactic does nothing

Note: This linter can be disabled with `set_option linter.unusedTactic false`
warning: formal/ERIEC/RefModelV52.lean:1060:4: 'change markerStateEquiv (markerCollapseNext 2) = markerStateEquiv 2' tactic does nothing

Note: This linter can be disabled with `set_option linter.unusedTactic false`
warning: formal/ERIEC/RefModelV52.lean:1536:4: try 'simp' instead of 'simpa'

Note: This linter can be disabled with `set_option linter.unnecessarySimpa false`
warning: formal/ERIEC/RefModelV52.lean:1611:4: try 'simp' instead of 'simpa'

Note: This linter can be disabled with `set_option linter.unnecessarySimpa false`
warning: formal/ERIEC/RefModelV52.lean:1653:2: Try `simp at hphi` instead of `simpa using hphi`

Note: This linter can be disabled with `set_option linter.unnecessarySimpa false`
warning: formal/ERIEC/RefModelV52.lean:1658:8: This simp argument is unused:
  Markers.FM2

Hint: Omit it from the simp argument list.
  simp [M̵a̵r̵k̵e̵r̵s̵.̵F̵M̵2̵,̵ ̵Richness.Branch, collapseFrame] at he₁ he₂

Note: This linter can be disabled with `set_option linter.unusedSimpArgs false`
warning: formal/ERIEC/RefModelV52.lean:1658:21: This simp argument is unused:
  Richness.Branch

Hint: Omit it from the simp argument list.
  simp [Markers.FM2, R̵i̵c̵h̵n̵e̵s̵s̵.̵B̵r̵a̵n̵c̵h̵,̵ ̵collapseFrame] at he₁ he₂

Note: This linter can be disabled with `set_option linter.unusedSimpArgs false`
warning: formal/ERIEC/RefModelV52.lean:1738:4: try 'simp' instead of 'simpa'

Note: This linter can be disabled with `set_option linter.unnecessarySimpa false`
✔ [2793/2808] Built ERIECPCI.Nondegenerate.Manifest (6.1s)
✔ [2794/2808] Built ERIEC.RefModel.Large (6.3s)
✔ [2795/2808] Built ERIEC.RefModel.LineageWitness (6.7s)
✔ [2796/2808] Built ERIECPCI.Nondegenerate.Audit (5.7s)
✔ [2797/2808] Built ERIEC.RefModel.CollapseTrace (5.8s)
✔ [2798/2808] Built ERIEC.RefModel.LargeCore (6.8s)
✔ [2799/2808] Built ERIECPCI.Nondegenerate.Disclosure (6.0s)
✔ [2800/2808] Built ERIEC.RefModel (5.4s)
✔ [2801/2808] Built ERIECPCI.Nondegenerate (5.2s)
✔ [2802/2808] Built ERIEC.CertifiedArtifact (6.5s)
✔ [2803/2808] Built ERIECPCI (5.6s)
✔ [2805/2808] Built ERIECPCIIntegrationTest (5.7s)
✔ [2807/2808] Built ERIEC (5.6s)
Build completed successfully (2808 jobs).
