G3C_PROVENANCE_VERSION=2
G3C_EXECUTION=single Pkg.test() in sibling clone at ephemeral commit
G3C_EPHEMERAL_COMMIT=bedb06eb6ed45a55e675b8b9a29371af61175d06
G3C_EPHEMERAL_TREE=0a8544c2929d609293c961cc91e48aabdeb9690d
G3C_TEST_INPUT_POLICY=exclude logs/** except semantic-manifest basis_log dependencies
G3C_TEST_INPUT_OBJECT_FORMAT=sha1
G3C_TEST_INPUT_DIGEST=85396c6d94d67fe3375cff465f328b55f625335e
G3C_ORIGIN_HEAD=98ec648425be2786b1a1dda438e94a61ecdfc875
G3C_ORIGIN_INDEX_TREE=540365e815f2f655ae97c503b4b61b8726f150d5
G3C_ORIGIN_WORKTREE_DIRTY=true
G3C_ORIGIN_REPOSITORY=/Users/yamaguchimitsuyuki/bridge-protocol
G3C_SANDBOX=/Users/yamaguchimitsuyuki/.bridge-protocol-g3c.sCVVET
G3C_CLONE=/Users/yamaguchimitsuyuki/.bridge-protocol-g3c.sCVVET/bridge-protocol
G3C_SOURCE_CAPTURE_STABLE=true
G3C_LAKE_CACHE_MODE=copy_on_write_macos
G3C_LAKE_SHARED_MUTABLE=false
G3C_PATH_DEPENDENCIES_BEGIN
path=../proof-carrying-intersubjectivity origin=/Users/yamaguchimitsuyuki/proof-carrying-intersubjectivity head=2811d511e7ef6ab992c87ee20369f12c5f384c1c index_tree=0350f2e28b85682d0f252b1151d15ac3f5e3721b cache_mode=copy_on_write_macos shared_mutable=false
G3C_PATH_DEPENDENCIES_END
G3C_LOG_POLICY=exclude logs/** except semantic-manifest basis_log dependencies
G3C_INCLUDED_CHANGES_BEGIN
M	README.md
D	specs/drafts/g3c-clone-gate.md
A	specs/g3c-clone-gate.md
M	specs/loop-orchestration-spec.md
M	test/parallel_test_plan.jl
A	test/test_g3c_evidence.jl
A	tools/verify-g3c-evidence.sh
A	tools/verify/g3c_evidence_validation.jl
G3C_INCLUDED_CHANGES_END
G3C_TEST_COMMAND=julia --project=. -e 'using Pkg; Pkg.test()'
G3C_TEST_OUTPUT_BEGIN
┌ Warning: The project dependencies or compat requirements have changed since the manifest was last resolved.
│ It is recommended to `Pkg.resolve()` or consider `Pkg.update()` if necessary.
└ @ Pkg.API /usr/local/Cellar/julia/1.11.6/share/julia/stdlib/v1.11/Pkg/src/API.jl:1206
     Testing ERIEC
      Status `/private/var/folders/82/qvmvqs01469ck832bd6f4k280000gn/T/jl_MQDhZi/Project.toml`
  [f6f58f5d] ERIEC v0.1.0 `~/.bridge-protocol-g3c.sCVVET/bridge-protocol`
  [f6369f11] ForwardDiff v1.4.1
  [0f8b85d8] JSON3 v1.14.3
  [37e2e46d] LinearAlgebra v1.11.0
  [9a3f8284] Random v1.11.0
  [ea8e919c] SHA v0.7.0
  [fa267f1f] TOML v1.0.3
  [8dfed614] Test v1.11.0
      Status `/private/var/folders/82/qvmvqs01469ck832bd6f4k280000gn/T/jl_MQDhZi/Manifest.toml`
  [bbf7d656] CommonSubexpressions v0.3.1
  [163ba53b] DiffResults v1.1.0
  [b552c78f] DiffRules v1.16.0
  [ffbed154] DocStringExtensions v0.9.5
  [f6f58f5d] ERIEC v0.1.0 `~/.bridge-protocol-g3c.sCVVET/bridge-protocol`
  [f6369f11] ForwardDiff v1.4.1
  [92d709cd] IrrationalConstants v0.2.6
  [692b3bcd] JLLWrappers v1.8.0
  [0f8b85d8] JSON3 v1.14.3
  [2ab3a3ac] LogExpFunctions v1.0.1
  [1914dd2f] MacroTools v0.5.16
  [77ba4419] NaNMath v1.1.4
  [69de0a69] Parsers v2.8.6
⌅ [aea7be01] PrecompileTools v1.2.1
  [21216c6a] Preferences v1.5.2
  [276daf66] SpecialFunctions v2.8.0
  [1e83bf80] StaticArraysCore v1.4.4
  [856f2bd8] StructTypes v1.11.0
  [efe28fd5] OpenSpecFun_jll v0.5.6+0
  [56f22d72] Artifacts v1.11.0
  [2a0f44e3] Base64 v1.11.0
  [ade2ca70] Dates v1.11.0
  [b77e0a4c] InteractiveUtils v1.11.0
  [8f399da3] Libdl v1.11.0
  [37e2e46d] LinearAlgebra v1.11.0
  [56ddb016] Logging v1.11.0
  [d6f4376e] Markdown v1.11.0
  [a63ad114] Mmap v1.11.0
  [de0858da] Printf v1.11.0
  [9a3f8284] Random v1.11.0
  [ea8e919c] SHA v0.7.0
  [9e88b42a] Serialization v1.11.0
  [fa267f1f] TOML v1.0.3
  [8dfed614] Test v1.11.0
  [cf7118a7] UUIDs v1.11.0
  [4ec0a83e] Unicode v1.11.0
  [e66e0078] CompilerSupportLibraries_jll v1.1.1+0
  [4536629a] OpenBLAS_jll v0.3.27+1
  [05823500] OpenLibm_jll v0.8.5+0
  [8e850b90] libblastrampoline_jll v5.11.0+0
        Info Packages marked with ⌅ have new versions available but compatibility constraints restrict them from upgrading.
Precompiling project for configuration --code-coverage=none --color=auto --check-bounds=yes --warn-overwrite=yes --depwarn=yes --inline=yes --startup-file=no --track-allocation=none...
   6293.0 ms  ✓ ERIEC
  1 dependency successfully precompiled in 7 seconds. 32 already precompiled.
     Testing Running tests...
