== E1 mutual protection (two loops guarding each other through inhibitors)
 κ=[:a, :b, :k1, :k2, :p, :q]
  silence in  loss=Symbol[]
  silence k1  loss=[:k1, :k2]
  silence k2  loss=[:k1, :k2]
  silence I   loss=Symbol[]
  silence J   loss=Symbol[]
  silence a   loss=[:a, :b, :p, :q]
  silence p   loss=[:a, :b, :p, :q]
  silence b   loss=[:a, :b, :p, :q]
  silence q   loss=[:a, :b, :p, :q]
 N3 pairs=[[:a, :b], [:a, :p], [:a, :q], [:b, :p], [:b, :q], [:p, :q]]
 view1 (v3) organization cycles=[[:a, :p], [:b, :q]]
 pairs inside one view1 component: [[:a, :p], [:b, :q]]
 pairs accepted only by view2: [[:a, :b], [:a, :q], [:b, :p], [:p, :q]]
== E0 control: the two loops alone
 κ=[:a, :b, :k1, :k2, :p, :q]
  silence in  loss=Symbol[]
  silence k1  loss=[:k1, :k2]
  silence k2  loss=[:k1, :k2]
  silence I   loss=Symbol[]
  silence J   loss=Symbol[]
  silence a   loss=[:a, :p]
  silence p   loss=[:a, :p]
  silence b   loss=[:b, :q]
  silence q   loss=[:b, :q]
 N3 pairs=[[:a, :p], [:b, :q]]
 view1 (v3) organization cycles=[[:a, :p], [:b, :q]]
 pairs inside one view1 component: [[:a, :p], [:b, :q]]
 pairs accepted only by view2: Vector{Symbol}[]
